Aug 09 15:18:37 Archlinux kernel: microcode: microcode updated early to revision 0xf2, date = 2023-01-12
Aug 09 15:18:37 Archlinux kernel: Linux version 6.1.25-1-lts (linux-lts@archlinux) (gcc (GCC) 12.2.1 20230201, GNU ld (GNU Binutils) 2.40) #1 SMP PREEMPT_DYNAMIC Thu, 20 Apr 2023 14:01:39 +0000
Aug 09 15:18:37 Archlinux kernel: Command line: BOOT_IMAGE=/vmlinuz-linux-lts root=UUID=50f38317-5d99-4815-8136-595b523d6601 rw loglevel=3
Aug 09 15:18:37 Archlinux kernel: x86/fpu: Supporting XSAVE feature 0x001: 'x87 floating point registers'
Aug 09 15:18:37 Archlinux kernel: x86/fpu: Supporting XSAVE feature 0x002: 'SSE registers'
Aug 09 15:18:37 Archlinux kernel: x86/fpu: Supporting XSAVE feature 0x004: 'AVX registers'
Aug 09 15:18:37 Archlinux kernel: x86/fpu: Supporting XSAVE feature 0x008: 'MPX bounds registers'
Aug 09 15:18:37 Archlinux kernel: x86/fpu: Supporting XSAVE feature 0x010: 'MPX CSR'
Aug 09 15:18:37 Archlinux kernel: x86/fpu: xstate_offset[2]:  576, xstate_sizes[2]:  256
Aug 09 15:18:37 Archlinux kernel: x86/fpu: xstate_offset[3]:  832, xstate_sizes[3]:   64
Aug 09 15:18:37 Archlinux kernel: x86/fpu: xstate_offset[4]:  896, xstate_sizes[4]:   64
Aug 09 15:18:37 Archlinux kernel: x86/fpu: Enabled xstate features 0x1f, context size is 960 bytes, using 'compacted' format.
Aug 09 15:18:37 Archlinux kernel: signal: max sigframe size: 2032
Aug 09 15:18:37 Archlinux kernel: BIOS-provided physical RAM map:
Aug 09 15:18:37 Archlinux kernel: BIOS-e820: [mem 0x0000000000000000-0x000000000009efff] usable
Aug 09 15:18:37 Archlinux kernel: BIOS-e820: [mem 0x000000000009f000-0x00000000000fffff] reserved
Aug 09 15:18:37 Archlinux kernel: BIOS-e820: [mem 0x0000000000100000-0x0000000071e86fff] usable
Aug 09 15:18:37 Archlinux kernel: BIOS-e820: [mem 0x0000000071e87000-0x0000000072786fff] reserved
Aug 09 15:18:37 Archlinux kernel: BIOS-e820: [mem 0x0000000072787000-0x000000008899dfff] usable
Aug 09 15:18:37 Archlinux kernel: BIOS-e820: [mem 0x000000008899e000-0x000000008959dfff] reserved
Aug 09 15:18:37 Archlinux kernel: BIOS-e820: [mem 0x000000008959e000-0x0000000089c8dfff] ACPI NVS
Aug 09 15:18:37 Archlinux kernel: BIOS-e820: [mem 0x0000000089c8e000-0x0000000089d0dfff] ACPI data
Aug 09 15:18:37 Archlinux kernel: BIOS-e820: [mem 0x0000000089d0e000-0x0000000089d0efff] usable
Aug 09 15:18:37 Archlinux kernel: BIOS-e820: [mem 0x0000000089d0f000-0x000000008f7fffff] reserved
Aug 09 15:18:37 Archlinux kernel: BIOS-e820: [mem 0x00000000e0000000-0x00000000efffffff] reserved
Aug 09 15:18:37 Archlinux kernel: BIOS-e820: [mem 0x00000000fe000000-0x00000000fe010fff] reserved
Aug 09 15:18:37 Archlinux kernel: BIOS-e820: [mem 0x00000000fed10000-0x00000000fed19fff] reserved
Aug 09 15:18:37 Archlinux kernel: BIOS-e820: [mem 0x00000000fed84000-0x00000000fed84fff] reserved
Aug 09 15:18:37 Archlinux kernel: BIOS-e820: [mem 0x00000000fee00000-0x00000000fee00fff] reserved
Aug 09 15:18:37 Archlinux kernel: BIOS-e820: [mem 0x00000000ff600000-0x00000000ffffffff] reserved
Aug 09 15:18:37 Archlinux kernel: BIOS-e820: [mem 0x0000000100000000-0x000000046e7fffff] usable
Aug 09 15:18:37 Archlinux kernel: NX (Execute Disable) protection: active
Aug 09 15:18:37 Archlinux kernel: e820: update [mem 0x6e4e0018-0x6e4ff657] usable ==> usable
Aug 09 15:18:37 Archlinux kernel: e820: update [mem 0x6e4e0018-0x6e4ff657] usable ==> usable
Aug 09 15:18:37 Archlinux kernel: e820: update [mem 0x6e4cf018-0x6e4df057] usable ==> usable
Aug 09 15:18:37 Archlinux kernel: e820: update [mem 0x6e4cf018-0x6e4df057] usable ==> usable
Aug 09 15:18:37 Archlinux kernel: e820: update [mem 0x6e4c0018-0x6e4ce057] usable ==> usable
Aug 09 15:18:37 Archlinux kernel: e820: update [mem 0x6e4c0018-0x6e4ce057] usable ==> usable
Aug 09 15:18:37 Archlinux kernel: extended physical RAM map:
Aug 09 15:18:37 Archlinux kernel: reserve setup_data: [mem 0x0000000000000000-0x000000000009efff] usable
Aug 09 15:18:37 Archlinux kernel: reserve setup_data: [mem 0x000000000009f000-0x00000000000fffff] reserved
Aug 09 15:18:37 Archlinux kernel: reserve setup_data: [mem 0x0000000000100000-0x000000006e4c0017] usable
Aug 09 15:18:37 Archlinux kernel: reserve setup_data: [mem 0x000000006e4c0018-0x000000006e4ce057] usable
Aug 09 15:18:37 Archlinux kernel: reserve setup_data: [mem 0x000000006e4ce058-0x000000006e4cf017] usable
Aug 09 15:18:37 Archlinux kernel: reserve setup_data: [mem 0x000000006e4cf018-0x000000006e4df057] usable
Aug 09 15:18:37 Archlinux kernel: reserve setup_data: [mem 0x000000006e4df058-0x000000006e4e0017] usable
Aug 09 15:18:37 Archlinux kernel: reserve setup_data: [mem 0x000000006e4e0018-0x000000006e4ff657] usable
Aug 09 15:18:37 Archlinux kernel: reserve setup_data: [mem 0x000000006e4ff658-0x0000000071e86fff] usable
Aug 09 15:18:37 Archlinux kernel: reserve setup_data: [mem 0x0000000071e87000-0x0000000072786fff] reserved
Aug 09 15:18:37 Archlinux kernel: reserve setup_data: [mem 0x0000000072787000-0x000000008899dfff] usable
Aug 09 15:18:37 Archlinux kernel: reserve setup_data: [mem 0x000000008899e000-0x000000008959dfff] reserved
Aug 09 15:18:37 Archlinux kernel: reserve setup_data: [mem 0x000000008959e000-0x0000000089c8dfff] ACPI NVS
Aug 09 15:18:37 Archlinux kernel: reserve setup_data: [mem 0x0000000089c8e000-0x0000000089d0dfff] ACPI data
Aug 09 15:18:37 Archlinux kernel: reserve setup_data: [mem 0x0000000089d0e000-0x0000000089d0efff] usable
Aug 09 15:18:37 Archlinux kernel: reserve setup_data: [mem 0x0000000089d0f000-0x000000008f7fffff] reserved
Aug 09 15:18:37 Archlinux kernel: reserve setup_data: [mem 0x00000000e0000000-0x00000000efffffff] reserved
Aug 09 15:18:37 Archlinux kernel: reserve setup_data: [mem 0x00000000fe000000-0x00000000fe010fff] reserved
Aug 09 15:18:37 Archlinux kernel: reserve setup_data: [mem 0x00000000fed10000-0x00000000fed19fff] reserved
Aug 09 15:18:37 Archlinux kernel: reserve setup_data: [mem 0x00000000fed84000-0x00000000fed84fff] reserved
Aug 09 15:18:37 Archlinux kernel: reserve setup_data: [mem 0x00000000fee00000-0x00000000fee00fff] reserved
Aug 09 15:18:37 Archlinux kernel: reserve setup_data: [mem 0x00000000ff600000-0x00000000ffffffff] reserved
Aug 09 15:18:37 Archlinux kernel: reserve setup_data: [mem 0x0000000100000000-0x000000046e7fffff] usable
Aug 09 15:18:37 Archlinux kernel: efi: EFI v2.60 by INSYDE Corp.
Aug 09 15:18:37 Archlinux kernel: efi: ACPI=0x89d0d000 ACPI 2.0=0x89d0d014 TPMFinalLog=0x89575000 SMBIOS=0x8948e000 SMBIOS 3.0=0x8948d000 ESRT=0x88d4cb98 MEMATTR=0x78372018 INITRD=0x72797d98 RNG=0x89cad018 TPMEventLog=0x72798018 
Aug 09 15:18:37 Archlinux kernel: random: crng init done
Aug 09 15:18:37 Archlinux kernel: SMBIOS 3.2.0 present.
Aug 09 15:18:37 Archlinux kernel: DMI: Acidanthera MacBookPro15,1/Mac-937A206F2EE63C01, BIOS 1554.80.3.0.0 01/06/2021
Aug 09 15:18:37 Archlinux kernel: tsc: Detected 2400.000 MHz processor
Aug 09 15:18:37 Archlinux kernel: e820: update [mem 0x00000000-0x00000fff] usable ==> reserved
Aug 09 15:18:37 Archlinux kernel: e820: remove [mem 0x000a0000-0x000fffff] usable
Aug 09 15:18:37 Archlinux kernel: last_pfn = 0x46e800 max_arch_pfn = 0x400000000
Aug 09 15:18:37 Archlinux kernel: x86/PAT: Configuration [0-7]: WB  WC  UC- UC  WB  WP  UC- WT  
Aug 09 15:18:37 Archlinux kernel: last_pfn = 0x89d0f max_arch_pfn = 0x400000000
Aug 09 15:18:37 Archlinux kernel: esrt: Reserving ESRT space from 0x0000000088d4cb98 to 0x0000000088d4cc48.
Aug 09 15:18:37 Archlinux kernel: Using GB pages for direct mapping
Aug 09 15:18:37 Archlinux kernel: Secure boot disabled
Aug 09 15:18:37 Archlinux kernel: RAMDISK: [mem 0x6e500000-0x6fafbfff]
Aug 09 15:18:37 Archlinux kernel: ACPI: Early table checksum verification disabled
Aug 09 15:18:37 Archlinux kernel: ACPI: RSDP 0x0000000089D0D014 000024 (v02 LENOVO)
Aug 09 15:18:37 Archlinux kernel: ACPI: XSDT 0x000000008974C000 000164 (v01 LENOVO CB-01    00000001      01000013)
Aug 09 15:18:37 Archlinux kernel: ACPI: FACP 0x0000000089CF1000 00010C (v05 LENOVO CB-01    00000001 ACPI 00040000)
Aug 09 15:18:37 Archlinux kernel: ACPI: DSDT 0x0000000089CBC000 0304E0 (v02 LENOVO CB-01    00000001 ACPI 00040000)
Aug 09 15:18:37 Archlinux kernel: ACPI: FACS 0x0000000089C2D000 000040
Aug 09 15:18:37 Archlinux kernel: ACPI: UEFI 0x0000000089D0C000 000236 (v01 LENOVO CB-01    00000001 ACPI 00040000)
Aug 09 15:18:37 Archlinux kernel: ACPI: SSDT 0x0000000089D0A000 001B1C (v02 LENOVO CB-01    00000001 ACPI 00040000)
Aug 09 15:18:37 Archlinux kernel: ACPI: SSDT 0x0000000089D06000 0031D0 (v02 LENOVO CB-01    00000001 ACPI 00040000)
Aug 09 15:18:37 Archlinux kernel: ACPI: UEFI 0x0000000089D05000 000042 (v01 LENOVO CB-01    00000001 ACPI 00040000)
Aug 09 15:18:37 Archlinux kernel: ACPI: SSDT 0x0000000089D04000 00045A (v02 LENOVO CB-01    00000001 ACPI 00040000)
Aug 09 15:18:37 Archlinux kernel: ACPI: SSDT 0x0000000089D03000 000046 (v02 LENOVO CB-01    00000001 ACPI 00040000)
Aug 09 15:18:37 Archlinux kernel: ACPI: TPM2 0x0000000089D02000 000034 (v03 LENOVO CB-01    00000001 ACPI 00040000)
Aug 09 15:18:37 Archlinux kernel: ACPI: MSDM 0x0000000089D01000 000055 (v03 LENOVO CB-01    00000001 ACPI 00040000)
Aug 09 15:18:37 Archlinux kernel: ACPI: SSDT 0x0000000089CFC000 0044B6 (v02 LENOVO CB-01    00000001 ACPI 00040000)
Aug 09 15:18:37 Archlinux kernel: ACPI: LPIT 0x0000000089CFB000 000094 (v01 LENOVO CB-01    00000001 ACPI 00040000)
Aug 09 15:18:37 Archlinux kernel: ACPI: WSMT 0x0000000089CFA000 000028 (v01 LENOVO CB-01    00000001 ACPI 00040000)
Aug 09 15:18:37 Archlinux kernel: ACPI: SSDT 0x0000000089CF9000 000C2F (v02 LENOVO CB-01    00000001 ACPI 00040000)
Aug 09 15:18:37 Archlinux kernel: ACPI: DBGP 0x0000000089CF8000 000034 (v01 LENOVO CB-01    00000001 ACPI 00040000)
Aug 09 15:18:37 Archlinux kernel: ACPI: DBG2 0x0000000089CF7000 000061 (v00 LENOVO CB-01    00000001 ACPI 00040000)
Aug 09 15:18:37 Archlinux kernel: ACPI: SSDT 0x0000000089CF6000 000896 (v02 LENOVO CB-01    00000001 ACPI 00040000)
Aug 09 15:18:37 Archlinux kernel: ACPI: SSDT 0x0000000089CF3000 002F89 (v02 LENOVO CB-01    00000001 ACPI 00040000)
Aug 09 15:18:37 Archlinux kernel: ACPI: ASF! 0x0000000089CF2000 0000A5 (v32 LENOVO CB-01    00000001 ACPI 00040000)
Aug 09 15:18:37 Archlinux kernel: ACPI: HPET 0x0000000089CF0000 000038 (v01 LENOVO CB-01    00000001 ACPI 00040000)
Aug 09 15:18:37 Archlinux kernel: ACPI: APIC 0x0000000089CEF000 00012C (v03 LENOVO CB-01    00000001 ACPI 00040000)
Aug 09 15:18:37 Archlinux kernel: ACPI: MCFG 0x0000000089CED000 00003C (v01 LENOVO CB-01    00000001 ACPI 00040000)
Aug 09 15:18:37 Archlinux kernel: ACPI: SSDT 0x0000000089CB9000 002BBF (v02 LENOVO CB-01    00000001 ACPI 00040000)
Aug 09 15:18:37 Archlinux kernel: ACPI: DMAR 0x0000000089CB8000 0000A8 (v01 LENOVO CB-01    00000001 ACPI 00040000)
Aug 09 15:18:37 Archlinux kernel: ACPI: SSDT 0x0000000089CB2000 005178 (v01 LENOVO CB-01    00000001 ACPI 00040000)
Aug 09 15:18:37 Archlinux kernel: ACPI: SSDT 0x0000000089CB1000 00004C (v02 LENOVO CB-01    00000001 ACPI 00040000)
Aug 09 15:18:37 Archlinux kernel: ACPI: SSDT 0x0000000089CB0000 000123 (v02 LENOVO CB-01    00000001 ACPI 00040000)
Aug 09 15:18:37 Archlinux kernel: ACPI: FPDT 0x0000000089CAF000 000044 (v01 LENOVO CB-01    00000001 ACPI 00040000)
Aug 09 15:18:37 Archlinux kernel: ACPI: BGRT 0x0000000089CAE000 000038 (v01 LENOVO CB-01    00000001 ACPI 00040000)
Aug 09 15:18:37 Archlinux kernel: ACPI: SSDT 0x0000000089758000 000086 (v02 hack   NVMe-Pcc 00000000 INTL 20190509)
Aug 09 15:18:37 Archlinux kernel: ACPI: SSDT 0x0000000089757000 000050 (v02 ACDT   AWAC     00000000 INTL 20200214)
Aug 09 15:18:37 Archlinux kernel: ACPI: SSDT 0x0000000089756000 0000B9 (v02 ACDT   DDGPU    00000000 INTL 20200925)
Aug 09 15:18:37 Archlinux kernel: ACPI: SSDT 0x0000000089755000 00007D (v02 ACDT   SsdtEC   00001000 INTL 20200110)
Aug 09 15:18:37 Archlinux kernel: ACPI: SSDT 0x0000000089754000 000053 (v02 ACDT   GPRW     00000000 INTL 20200110)
Aug 09 15:18:37 Archlinux kernel: ACPI: SSDT 0x0000000089753000 000111 (v02 ACDT   _I2C     00000000 INTL 20200214)
Aug 09 15:18:37 Archlinux kernel: ACPI: SSDT 0x0000000089752000 0000D4 (v02 ACDT   PMCR     00000000 INTL 20200214)
Aug 09 15:18:37 Archlinux kernel: ACPI: SSDT 0x0000000089751000 000095 (v02 ACDT   PNLFCFL  00000000 INTL 20200214)
Aug 09 15:18:37 Archlinux kernel: ACPI: SSDT 0x0000000089750000 0000B9 (v02 ACDT   USBX     00000000 INTL 20200110)
Aug 09 15:18:37 Archlinux kernel: ACPI: SSDT 0x000000008974F000 000092 (v02 ACDT   CpuPlug  00003000 INTL 20200214)
Aug 09 15:18:37 Archlinux kernel: ACPI: SSDT 0x000000008974E000 00008F (v02 ACDT   PS2K     00000000 INTL 20181213)
Aug 09 15:18:37 Archlinux kernel: ACPI: SSDT 0x000000008974D000 00010E (v02 HACK   PTSWAK   00000000 INTL 20200925)
Aug 09 15:18:37 Archlinux kernel: ACPI: Reserving FACP table memory at [mem 0x89cf1000-0x89cf110b]
Aug 09 15:18:37 Archlinux kernel: ACPI: Reserving DSDT table memory at [mem 0x89cbc000-0x89cec4df]
Aug 09 15:18:37 Archlinux kernel: ACPI: Reserving FACS table memory at [mem 0x89c2d000-0x89c2d03f]
Aug 09 15:18:37 Archlinux kernel: ACPI: Reserving UEFI table memory at [mem 0x89d0c000-0x89d0c235]
Aug 09 15:18:37 Archlinux kernel: ACPI: Reserving SSDT table memory at [mem 0x89d0a000-0x89d0bb1b]
Aug 09 15:18:37 Archlinux kernel: ACPI: Reserving SSDT table memory at [mem 0x89d06000-0x89d091cf]
Aug 09 15:18:37 Archlinux kernel: ACPI: Reserving UEFI table memory at [mem 0x89d05000-0x89d05041]
Aug 09 15:18:37 Archlinux kernel: ACPI: Reserving SSDT table memory at [mem 0x89d04000-0x89d04459]
Aug 09 15:18:37 Archlinux kernel: ACPI: Reserving SSDT table memory at [mem 0x89d03000-0x89d03045]
Aug 09 15:18:37 Archlinux kernel: ACPI: Reserving TPM2 table memory at [mem 0x89d02000-0x89d02033]
Aug 09 15:18:37 Archlinux kernel: ACPI: Reserving MSDM table memory at [mem 0x89d01000-0x89d01054]
Aug 09 15:18:37 Archlinux kernel: ACPI: Reserving SSDT table memory at [mem 0x89cfc000-0x89d004b5]
Aug 09 15:18:37 Archlinux kernel: ACPI: Reserving LPIT table memory at [mem 0x89cfb000-0x89cfb093]
Aug 09 15:18:37 Archlinux kernel: ACPI: Reserving WSMT table memory at [mem 0x89cfa000-0x89cfa027]
Aug 09 15:18:37 Archlinux kernel: ACPI: Reserving SSDT table memory at [mem 0x89cf9000-0x89cf9c2e]
Aug 09 15:18:37 Archlinux kernel: ACPI: Reserving DBGP table memory at [mem 0x89cf8000-0x89cf8033]
Aug 09 15:18:37 Archlinux kernel: ACPI: Reserving DBG2 table memory at [mem 0x89cf7000-0x89cf7060]
Aug 09 15:18:37 Archlinux kernel: ACPI: Reserving SSDT table memory at [mem 0x89cf6000-0x89cf6895]
Aug 09 15:18:37 Archlinux kernel: ACPI: Reserving SSDT table memory at [mem 0x89cf3000-0x89cf5f88]
Aug 09 15:18:37 Archlinux kernel: ACPI: Reserving ASF! table memory at [mem 0x89cf2000-0x89cf20a4]
Aug 09 15:18:37 Archlinux kernel: ACPI: Reserving HPET table memory at [mem 0x89cf0000-0x89cf0037]
Aug 09 15:18:37 Archlinux kernel: ACPI: Reserving APIC table memory at [mem 0x89cef000-0x89cef12b]
Aug 09 15:18:37 Archlinux kernel: ACPI: Reserving MCFG table memory at [mem 0x89ced000-0x89ced03b]
Aug 09 15:18:37 Archlinux kernel: ACPI: Reserving SSDT table memory at [mem 0x89cb9000-0x89cbbbbe]
Aug 09 15:18:37 Archlinux kernel: ACPI: Reserving DMAR table memory at [mem 0x89cb8000-0x89cb80a7]
Aug 09 15:18:37 Archlinux kernel: ACPI: Reserving SSDT table memory at [mem 0x89cb2000-0x89cb7177]
Aug 09 15:18:37 Archlinux kernel: ACPI: Reserving SSDT table memory at [mem 0x89cb1000-0x89cb104b]
Aug 09 15:18:37 Archlinux kernel: ACPI: Reserving SSDT table memory at [mem 0x89cb0000-0x89cb0122]
Aug 09 15:18:37 Archlinux kernel: ACPI: Reserving FPDT table memory at [mem 0x89caf000-0x89caf043]
Aug 09 15:18:37 Archlinux kernel: ACPI: Reserving BGRT table memory at [mem 0x89cae000-0x89cae037]
Aug 09 15:18:37 Archlinux kernel: ACPI: Reserving SSDT table memory at [mem 0x89758000-0x89758085]
Aug 09 15:18:37 Archlinux kernel: ACPI: Reserving SSDT table memory at [mem 0x89757000-0x8975704f]
Aug 09 15:18:37 Archlinux kernel: ACPI: Reserving SSDT table memory at [mem 0x89756000-0x897560b8]
Aug 09 15:18:37 Archlinux kernel: ACPI: Reserving SSDT table memory at [mem 0x89755000-0x8975507c]
Aug 09 15:18:37 Archlinux kernel: ACPI: Reserving SSDT table memory at [mem 0x89754000-0x89754052]
Aug 09 15:18:37 Archlinux kernel: ACPI: Reserving SSDT table memory at [mem 0x89753000-0x89753110]
Aug 09 15:18:37 Archlinux kernel: ACPI: Reserving SSDT table memory at [mem 0x89752000-0x897520d3]
Aug 09 15:18:37 Archlinux kernel: ACPI: Reserving SSDT table memory at [mem 0x89751000-0x89751094]
Aug 09 15:18:37 Archlinux kernel: ACPI: Reserving SSDT table memory at [mem 0x89750000-0x897500b8]
Aug 09 15:18:37 Archlinux kernel: ACPI: Reserving SSDT table memory at [mem 0x8974f000-0x8974f091]
Aug 09 15:18:37 Archlinux kernel: ACPI: Reserving SSDT table memory at [mem 0x8974e000-0x8974e08e]
Aug 09 15:18:37 Archlinux kernel: ACPI: Reserving SSDT table memory at [mem 0x8974d000-0x8974d10d]
Aug 09 15:18:37 Archlinux kernel: No NUMA configuration found
Aug 09 15:18:37 Archlinux kernel: Faking a node at [mem 0x0000000000000000-0x000000046e7fffff]
Aug 09 15:18:37 Archlinux kernel: NODE_DATA(0) allocated [mem 0x46e7fb000-0x46e7fffff]
Aug 09 15:18:37 Archlinux kernel: Zone ranges:
Aug 09 15:18:37 Archlinux kernel:   DMA      [mem 0x0000000000001000-0x0000000000ffffff]
Aug 09 15:18:37 Archlinux kernel:   DMA32    [mem 0x0000000001000000-0x00000000ffffffff]
Aug 09 15:18:37 Archlinux kernel:   Normal   [mem 0x0000000100000000-0x000000046e7fffff]
Aug 09 15:18:37 Archlinux kernel:   Device   empty
Aug 09 15:18:37 Archlinux kernel: Movable zone start for each node
Aug 09 15:18:37 Archlinux kernel: Early memory node ranges
Aug 09 15:18:37 Archlinux kernel:   node   0: [mem 0x0000000000001000-0x000000000009efff]
Aug 09 15:18:37 Archlinux kernel:   node   0: [mem 0x0000000000100000-0x0000000071e86fff]
Aug 09 15:18:37 Archlinux kernel:   node   0: [mem 0x0000000072787000-0x000000008899dfff]
Aug 09 15:18:37 Archlinux kernel:   node   0: [mem 0x0000000089d0e000-0x0000000089d0efff]
Aug 09 15:18:37 Archlinux kernel:   node   0: [mem 0x0000000100000000-0x000000046e7fffff]
Aug 09 15:18:37 Archlinux kernel: Initmem setup node 0 [mem 0x0000000000001000-0x000000046e7fffff]
Aug 09 15:18:37 Archlinux kernel: On node 0, zone DMA: 1 pages in unavailable ranges
Aug 09 15:18:37 Archlinux kernel: On node 0, zone DMA: 97 pages in unavailable ranges
Aug 09 15:18:37 Archlinux kernel: On node 0, zone DMA32: 2304 pages in unavailable ranges
Aug 09 15:18:37 Archlinux kernel: On node 0, zone DMA32: 4976 pages in unavailable ranges
Aug 09 15:18:37 Archlinux kernel: On node 0, zone Normal: 25329 pages in unavailable ranges
Aug 09 15:18:37 Archlinux kernel: On node 0, zone Normal: 6144 pages in unavailable ranges
Aug 09 15:18:37 Archlinux kernel: Reserving Intel graphics memory at [mem 0x8b800000-0x8f7fffff]
Aug 09 15:18:37 Archlinux kernel: ACPI: PM-Timer IO Port: 0x1808
Aug 09 15:18:37 Archlinux kernel: ACPI: LAPIC_NMI (acpi_id[0x01] high edge lint[0x1])
Aug 09 15:18:37 Archlinux kernel: ACPI: LAPIC_NMI (acpi_id[0x02] high edge lint[0x1])
Aug 09 15:18:37 Archlinux kernel: ACPI: LAPIC_NMI (acpi_id[0x03] high edge lint[0x1])
Aug 09 15:18:37 Archlinux kernel: ACPI: LAPIC_NMI (acpi_id[0x04] high edge lint[0x1])
Aug 09 15:18:37 Archlinux kernel: ACPI: LAPIC_NMI (acpi_id[0x05] high edge lint[0x1])
Aug 09 15:18:37 Archlinux kernel: ACPI: LAPIC_NMI (acpi_id[0x06] high edge lint[0x1])
Aug 09 15:18:37 Archlinux kernel: ACPI: LAPIC_NMI (acpi_id[0x07] high edge lint[0x1])
Aug 09 15:18:37 Archlinux kernel: ACPI: LAPIC_NMI (acpi_id[0x08] high edge lint[0x1])
Aug 09 15:18:37 Archlinux kernel: ACPI: LAPIC_NMI (acpi_id[0x09] high edge lint[0x1])
Aug 09 15:18:37 Archlinux kernel: ACPI: LAPIC_NMI (acpi_id[0x0a] high edge lint[0x1])
Aug 09 15:18:37 Archlinux kernel: ACPI: LAPIC_NMI (acpi_id[0x0b] high edge lint[0x1])
Aug 09 15:18:37 Archlinux kernel: ACPI: LAPIC_NMI (acpi_id[0x0c] high edge lint[0x1])
Aug 09 15:18:37 Archlinux kernel: ACPI: LAPIC_NMI (acpi_id[0x0d] high edge lint[0x1])
Aug 09 15:18:37 Archlinux kernel: ACPI: LAPIC_NMI (acpi_id[0x0e] high edge lint[0x1])
Aug 09 15:18:37 Archlinux kernel: ACPI: LAPIC_NMI (acpi_id[0x0f] high edge lint[0x1])
Aug 09 15:18:37 Archlinux kernel: ACPI: LAPIC_NMI (acpi_id[0x10] high edge lint[0x1])
Aug 09 15:18:37 Archlinux kernel: IOAPIC[0]: apic_id 2, version 32, address 0xfec00000, GSI 0-119
Aug 09 15:18:37 Archlinux kernel: ACPI: INT_SRC_OVR (bus 0 bus_irq 0 global_irq 2 dfl dfl)
Aug 09 15:18:37 Archlinux kernel: ACPI: INT_SRC_OVR (bus 0 bus_irq 9 global_irq 9 high level)
Aug 09 15:18:37 Archlinux kernel: ACPI: Using ACPI (MADT) for SMP configuration information
Aug 09 15:18:37 Archlinux kernel: ACPI: HPET id: 0x8086a201 base: 0xfed00000
Aug 09 15:18:37 Archlinux kernel: e820: update [mem 0x78405000-0x78445fff] usable ==> reserved
Aug 09 15:18:37 Archlinux kernel: TSC deadline timer available
Aug 09 15:18:37 Archlinux kernel: smpboot: Allowing 8 CPUs, 0 hotplug CPUs
Aug 09 15:18:37 Archlinux kernel: PM: hibernation: Registered nosave memory: [mem 0x00000000-0x00000fff]
Aug 09 15:18:37 Archlinux kernel: PM: hibernation: Registered nosave memory: [mem 0x0009f000-0x000fffff]
Aug 09 15:18:37 Archlinux kernel: PM: hibernation: Registered nosave memory: [mem 0x6e4c0000-0x6e4c0fff]
Aug 09 15:18:37 Archlinux kernel: PM: hibernation: Registered nosave memory: [mem 0x6e4ce000-0x6e4cefff]
Aug 09 15:18:37 Archlinux kernel: PM: hibernation: Registered nosave memory: [mem 0x6e4cf000-0x6e4cffff]
Aug 09 15:18:37 Archlinux kernel: PM: hibernation: Registered nosave memory: [mem 0x6e4df000-0x6e4dffff]
Aug 09 15:18:37 Archlinux kernel: PM: hibernation: Registered nosave memory: [mem 0x6e4e0000-0x6e4e0fff]
Aug 09 15:18:37 Archlinux kernel: PM: hibernation: Registered nosave memory: [mem 0x6e4ff000-0x6e4fffff]
Aug 09 15:18:37 Archlinux kernel: PM: hibernation: Registered nosave memory: [mem 0x71e87000-0x72786fff]
Aug 09 15:18:37 Archlinux kernel: PM: hibernation: Registered nosave memory: [mem 0x78405000-0x78445fff]
Aug 09 15:18:37 Archlinux kernel: PM: hibernation: Registered nosave memory: [mem 0x8899e000-0x8959dfff]
Aug 09 15:18:37 Archlinux kernel: PM: hibernation: Registered nosave memory: [mem 0x8959e000-0x89c8dfff]
Aug 09 15:18:37 Archlinux kernel: PM: hibernation: Registered nosave memory: [mem 0x89c8e000-0x89d0dfff]
Aug 09 15:18:37 Archlinux kernel: PM: hibernation: Registered nosave memory: [mem 0x89d0f000-0x8f7fffff]
Aug 09 15:18:37 Archlinux kernel: PM: hibernation: Registered nosave memory: [mem 0x8f800000-0xdfffffff]
Aug 09 15:18:37 Archlinux kernel: PM: hibernation: Registered nosave memory: [mem 0xe0000000-0xefffffff]
Aug 09 15:18:37 Archlinux kernel: PM: hibernation: Registered nosave memory: [mem 0xf0000000-0xfdffffff]
Aug 09 15:18:37 Archlinux kernel: PM: hibernation: Registered nosave memory: [mem 0xfe000000-0xfe010fff]
Aug 09 15:18:37 Archlinux kernel: PM: hibernation: Registered nosave memory: [mem 0xfe011000-0xfed0ffff]
Aug 09 15:18:37 Archlinux kernel: PM: hibernation: Registered nosave memory: [mem 0xfed10000-0xfed19fff]
Aug 09 15:18:37 Archlinux kernel: PM: hibernation: Registered nosave memory: [mem 0xfed1a000-0xfed83fff]
Aug 09 15:18:37 Archlinux kernel: PM: hibernation: Registered nosave memory: [mem 0xfed84000-0xfed84fff]
Aug 09 15:18:37 Archlinux kernel: PM: hibernation: Registered nosave memory: [mem 0xfed85000-0xfedfffff]
Aug 09 15:18:37 Archlinux kernel: PM: hibernation: Registered nosave memory: [mem 0xfee00000-0xfee00fff]
Aug 09 15:18:37 Archlinux kernel: PM: hibernation: Registered nosave memory: [mem 0xfee01000-0xff5fffff]
Aug 09 15:18:37 Archlinux kernel: PM: hibernation: Registered nosave memory: [mem 0xff600000-0xffffffff]
Aug 09 15:18:37 Archlinux kernel: [mem 0x8f800000-0xdfffffff] available for PCI devices
Aug 09 15:18:37 Archlinux kernel: Booting paravirtualized kernel on bare hardware
Aug 09 15:18:37 Archlinux kernel: clocksource: refined-jiffies: mask: 0xffffffff max_cycles: 0xffffffff, max_idle_ns: 6370452778343963 ns
Aug 09 15:18:37 Archlinux kernel: setup_percpu: NR_CPUS:320 nr_cpumask_bits:8 nr_cpu_ids:8 nr_node_ids:1
Aug 09 15:18:37 Archlinux kernel: percpu: Embedded 63 pages/cpu s221184 r8192 d28672 u262144
Aug 09 15:18:37 Archlinux kernel: pcpu-alloc: s221184 r8192 d28672 u262144 alloc=1*2097152
Aug 09 15:18:37 Archlinux kernel: pcpu-alloc: [0] 0 1 2 3 4 5 6 7 
Aug 09 15:18:37 Archlinux kernel: Fallback order for Node 0: 0 
Aug 09 15:18:37 Archlinux kernel: Built 1 zonelists, mobility grouping on.  Total pages: 4090364
Aug 09 15:18:37 Archlinux kernel: Policy zone: Normal
Aug 09 15:18:37 Archlinux kernel: Kernel command line: BOOT_IMAGE=/vmlinuz-linux-lts root=UUID=50f38317-5d99-4815-8136-595b523d6601 rw loglevel=3
Aug 09 15:18:37 Archlinux kernel: Unknown kernel command line parameters "BOOT_IMAGE=/vmlinuz-linux-lts", will be passed to user space.
Aug 09 15:18:37 Archlinux kernel: Dentry cache hash table entries: 2097152 (order: 12, 16777216 bytes, linear)
Aug 09 15:18:37 Archlinux kernel: Inode-cache hash table entries: 1048576 (order: 11, 8388608 bytes, linear)
Aug 09 15:18:37 Archlinux kernel: mem auto-init: stack:all(zero), heap alloc:on, heap free:off
Aug 09 15:18:37 Archlinux kernel: software IO TLB: area num 8.
Aug 09 15:18:37 Archlinux kernel: Memory: 16129356K/16621812K available (16391K kernel code, 2137K rwdata, 11072K rodata, 2148K init, 5364K bss, 492196K reserved, 0K cma-reserved)
Aug 09 15:18:37 Archlinux kernel: SLUB: HWalign=64, Order=0-3, MinObjects=0, CPUs=8, Nodes=1
Aug 09 15:18:37 Archlinux kernel: Kernel/User page tables isolation: enabled
Aug 09 15:18:37 Archlinux kernel: ftrace: allocating 46435 entries in 182 pages
Aug 09 15:18:37 Archlinux kernel: ftrace: allocated 182 pages with 5 groups
Aug 09 15:18:37 Archlinux kernel: Dynamic Preempt: voluntary
Aug 09 15:18:37 Archlinux kernel: rcu: Preemptible hierarchical RCU implementation.
Aug 09 15:18:37 Archlinux kernel: rcu:         RCU restricting CPUs from NR_CPUS=320 to nr_cpu_ids=8.
Aug 09 15:18:37 Archlinux kernel:         Trampoline variant of Tasks RCU enabled.
Aug 09 15:18:37 Archlinux kernel:         Rude variant of Tasks RCU enabled.
Aug 09 15:18:37 Archlinux kernel:         Tracing variant of Tasks RCU enabled.
Aug 09 15:18:37 Archlinux kernel: rcu: RCU calculated value of scheduler-enlistment delay is 30 jiffies.
Aug 09 15:18:37 Archlinux kernel: rcu: Adjusting geometry for rcu_fanout_leaf=16, nr_cpu_ids=8
Aug 09 15:18:37 Archlinux kernel: NR_IRQS: 20736, nr_irqs: 2048, preallocated irqs: 16
Aug 09 15:18:37 Archlinux kernel: rcu: srcu_init: Setting srcu_struct sizes based on contention.
Aug 09 15:18:37 Archlinux kernel: kfence: initialized - using 2097152 bytes for 255 objects at 0x(____ptrval____)-0x(____ptrval____)
Aug 09 15:18:37 Archlinux kernel: Console: colour dummy device 80x25
Aug 09 15:18:37 Archlinux kernel: printk: console [tty0] enabled
Aug 09 15:18:37 Archlinux kernel: ACPI: Core revision 20220331
Aug 09 15:18:37 Archlinux kernel: hpet: HPET dysfunctional in PC10. Force disabled.
Aug 09 15:18:37 Archlinux kernel: APIC: Switch to symmetric I/O mode setup
Aug 09 15:18:37 Archlinux kernel: DMAR: Host address width 39
Aug 09 15:18:37 Archlinux kernel: DMAR: DRHD base: 0x000000fed90000 flags: 0x0
Aug 09 15:18:37 Archlinux kernel: DMAR: dmar0: reg_base_addr fed90000 ver 1:0 cap 1c0000c40660462 ecap 19e2ff0505e
Aug 09 15:18:37 Archlinux kernel: DMAR: DRHD base: 0x000000fed91000 flags: 0x1
Aug 09 15:18:37 Archlinux kernel: DMAR: dmar1: reg_base_addr fed91000 ver 1:0 cap d2008c40660462 ecap f050da
Aug 09 15:18:37 Archlinux kernel: DMAR: RMRR base: 0x0000008957d000 end: 0x0000008959cfff
Aug 09 15:18:37 Archlinux kernel: DMAR: RMRR base: 0x0000008b000000 end: 0x0000008f7fffff
Aug 09 15:18:37 Archlinux kernel: DMAR-IR: IOAPIC id 2 under DRHD base  0xfed91000 IOMMU 1
Aug 09 15:18:37 Archlinux kernel: DMAR-IR: HPET id 0 under DRHD base 0xfed91000
Aug 09 15:18:37 Archlinux kernel: DMAR-IR: Queued invalidation will be enabled to support x2apic and Intr-remapping.
Aug 09 15:18:37 Archlinux kernel: DMAR-IR: Enabled IRQ remapping in x2apic mode
Aug 09 15:18:37 Archlinux kernel: x2apic enabled
Aug 09 15:18:37 Archlinux kernel: Switched APIC routing to cluster x2apic.
Aug 09 15:18:37 Archlinux kernel: clocksource: tsc-early: mask: 0xffffffffffffffff max_cycles: 0x22983777dd9, max_idle_ns: 440795300422 ns
Aug 09 15:18:37 Archlinux kernel: Calibrating delay loop (skipped), value calculated using timer frequency.. 4801.00 BogoMIPS (lpj=8000000)
Aug 09 15:18:37 Archlinux kernel: pid_max: default: 32768 minimum: 301
Aug 09 15:18:37 Archlinux kernel: LSM: Security Framework initializing
Aug 09 15:18:37 Archlinux kernel: landlock: Up and running.
Aug 09 15:18:37 Archlinux kernel: Yama: becoming mindful.
Aug 09 15:18:37 Archlinux kernel: LSM support for eBPF active
Aug 09 15:18:37 Archlinux kernel: Mount-cache hash table entries: 32768 (order: 6, 262144 bytes, linear)
Aug 09 15:18:37 Archlinux kernel: Mountpoint-cache hash table entries: 32768 (order: 6, 262144 bytes, linear)
Aug 09 15:18:37 Archlinux kernel: x86/cpu: SGX disabled by BIOS.
Aug 09 15:18:37 Archlinux kernel: CPU0: Thermal monitoring enabled (TM1)
Aug 09 15:18:37 Archlinux kernel: process: using mwait in idle threads
Aug 09 15:18:37 Archlinux kernel: Last level iTLB entries: 4KB 64, 2MB 8, 4MB 8
Aug 09 15:18:37 Archlinux kernel: Last level dTLB entries: 4KB 64, 2MB 0, 4MB 0, 1GB 4
Aug 09 15:18:37 Archlinux kernel: Spectre V1 : Mitigation: usercopy/swapgs barriers and __user pointer sanitization
Aug 09 15:18:37 Archlinux kernel: Spectre V2 : Mitigation: IBRS
Aug 09 15:18:37 Archlinux kernel: Spectre V2 : Spectre v2 / SpectreRSB mitigation: Filling RSB on context switch
Aug 09 15:18:37 Archlinux kernel: Spectre V2 : Spectre v2 / SpectreRSB : Filling RSB on VMEXIT
Aug 09 15:18:37 Archlinux kernel: RETBleed: Mitigation: IBRS
Aug 09 15:18:37 Archlinux kernel: Spectre V2 : mitigation: Enabling conditional Indirect Branch Prediction Barrier
Aug 09 15:18:37 Archlinux kernel: Spectre V2 : User space: Mitigation: STIBP via prctl
Aug 09 15:18:37 Archlinux kernel: Speculative Store Bypass: Mitigation: Speculative Store Bypass disabled via prctl
Aug 09 15:18:37 Archlinux kernel: MDS: Mitigation: Clear CPU buffers
Aug 09 15:18:37 Archlinux kernel: MMIO Stale Data: Mitigation: Clear CPU buffers
Aug 09 15:18:37 Archlinux kernel: SRBDS: Mitigation: Microcode
Aug 09 15:18:37 Archlinux kernel: Freeing SMP alternatives memory: 40K
Aug 09 15:18:37 Archlinux kernel: smpboot: CPU0: Intel(R) Core(TM) i5-9300H CPU @ 2.40GHz (family: 0x6, model: 0x9e, stepping: 0xa)
Aug 09 15:18:37 Archlinux kernel: cblist_init_generic: Setting adjustable number of callback queues.
Aug 09 15:18:37 Archlinux kernel: cblist_init_generic: Setting shift to 3 and lim to 1.
Aug 09 15:18:37 Archlinux kernel: cblist_init_generic: Setting shift to 3 and lim to 1.
Aug 09 15:18:37 Archlinux kernel: cblist_init_generic: Setting shift to 3 and lim to 1.
Aug 09 15:18:37 Archlinux kernel: Performance Events: PEBS fmt3+, Skylake events, 32-deep LBR, full-width counters, Intel PMU driver.
Aug 09 15:18:37 Archlinux kernel: ... version:                4
Aug 09 15:18:37 Archlinux kernel: ... bit width:              48
Aug 09 15:18:37 Archlinux kernel: ... generic registers:      4
Aug 09 15:18:37 Archlinux kernel: ... value mask:             0000ffffffffffff
Aug 09 15:18:37 Archlinux kernel: ... max period:             00007fffffffffff
Aug 09 15:18:37 Archlinux kernel: ... fixed-purpose events:   3
Aug 09 15:18:37 Archlinux kernel: ... event mask:             000000070000000f
Aug 09 15:18:37 Archlinux kernel: Estimated ratio of average max frequency by base frequency (times 1024): 1706
Aug 09 15:18:37 Archlinux kernel: rcu: Hierarchical SRCU implementation.
Aug 09 15:18:37 Archlinux kernel: rcu:         Max phase no-delay instances is 1000.
Aug 09 15:18:37 Archlinux kernel: NMI watchdog: Enabled. Permanently consumes one hw-PMU counter.
Aug 09 15:18:37 Archlinux kernel: smp: Bringing up secondary CPUs ...
Aug 09 15:18:37 Archlinux kernel: x86: Booting SMP configuration:
Aug 09 15:18:37 Archlinux kernel: .... node  #0, CPUs:      #1 #2 #3 #4
Aug 09 15:18:37 Archlinux kernel: MDS CPU bug present and SMT on, data leak possible. See https://www.kernel.org/doc/html/latest/admin-guide/hw-vuln/mds.html for more details.
Aug 09 15:18:37 Archlinux kernel: MMIO Stale Data CPU bug present and SMT on, data leak possible. See https://www.kernel.org/doc/html/latest/admin-guide/hw-vuln/processor_mmio_stale_data.html for more details.
Aug 09 15:18:37 Archlinux kernel:  #5 #6 #7
Aug 09 15:18:37 Archlinux kernel: smp: Brought up 1 node, 8 CPUs
Aug 09 15:18:37 Archlinux kernel: smpboot: Max logical packages: 1
Aug 09 15:18:37 Archlinux kernel: smpboot: Total of 8 processors activated (38415.00 BogoMIPS)
Aug 09 15:18:37 Archlinux kernel: devtmpfs: initialized
Aug 09 15:18:37 Archlinux kernel: x86/mm: Memory block size: 128MB
Aug 09 15:18:37 Archlinux kernel: ACPI: PM: Registering ACPI NVS region [mem 0x8959e000-0x89c8dfff] (7274496 bytes)
Aug 09 15:18:37 Archlinux kernel: clocksource: jiffies: mask: 0xffffffff max_cycles: 0xffffffff, max_idle_ns: 6370867519511994 ns
Aug 09 15:18:37 Archlinux kernel: futex hash table entries: 2048 (order: 5, 131072 bytes, linear)
Aug 09 15:18:37 Archlinux kernel: pinctrl core: initialized pinctrl subsystem
Aug 09 15:18:37 Archlinux kernel: PM: RTC time: 07:18:33, date: 2023-08-09
Aug 09 15:18:37 Archlinux kernel: NET: Registered PF_NETLINK/PF_ROUTE protocol family
Aug 09 15:18:37 Archlinux kernel: DMA: preallocated 2048 KiB GFP_KERNEL pool for atomic allocations
Aug 09 15:18:37 Archlinux kernel: DMA: preallocated 2048 KiB GFP_KERNEL|GFP_DMA pool for atomic allocations
Aug 09 15:18:37 Archlinux kernel: DMA: preallocated 2048 KiB GFP_KERNEL|GFP_DMA32 pool for atomic allocations
Aug 09 15:18:37 Archlinux kernel: audit: initializing netlink subsys (disabled)
Aug 09 15:18:37 Archlinux kernel: audit: type=2000 audit(1691565513.019:1): state=initialized audit_enabled=0 res=1
Aug 09 15:18:37 Archlinux kernel: thermal_sys: Registered thermal governor 'fair_share'
Aug 09 15:18:37 Archlinux kernel: thermal_sys: Registered thermal governor 'bang_bang'
Aug 09 15:18:37 Archlinux kernel: thermal_sys: Registered thermal governor 'step_wise'
Aug 09 15:18:37 Archlinux kernel: thermal_sys: Registered thermal governor 'user_space'
Aug 09 15:18:37 Archlinux kernel: thermal_sys: Registered thermal governor 'power_allocator'
Aug 09 15:18:37 Archlinux kernel: cpuidle: using governor ladder
Aug 09 15:18:37 Archlinux kernel: cpuidle: using governor menu
Aug 09 15:18:37 Archlinux kernel: ACPI FADT declares the system doesn't support PCIe ASPM, so disable it
Aug 09 15:18:37 Archlinux kernel: acpiphp: ACPI Hot Plug PCI Controller Driver version: 0.5
Aug 09 15:18:37 Archlinux kernel: PCI: MMCONFIG for domain 0000 [bus 00-ff] at [mem 0xe0000000-0xefffffff] (base 0xe0000000)
Aug 09 15:18:37 Archlinux kernel: PCI: MMCONFIG at [mem 0xe0000000-0xefffffff] reserved in E820
Aug 09 15:18:37 Archlinux kernel: PCI: Using configuration type 1 for base access
Aug 09 15:18:37 Archlinux kernel: ENERGY_PERF_BIAS: Set to 'normal', was 'performance'
Aug 09 15:18:37 Archlinux kernel: kprobes: kprobe jump-optimization is enabled. All kprobes are optimized if possible.
Aug 09 15:18:37 Archlinux kernel: HugeTLB: registered 1.00 GiB page size, pre-allocated 0 pages
Aug 09 15:18:37 Archlinux kernel: HugeTLB: 16380 KiB vmemmap can be freed for a 1.00 GiB page
Aug 09 15:18:37 Archlinux kernel: HugeTLB: registered 2.00 MiB page size, pre-allocated 0 pages
Aug 09 15:18:37 Archlinux kernel: HugeTLB: 28 KiB vmemmap can be freed for a 2.00 MiB page
Aug 09 15:18:37 Archlinux kernel: ACPI: Added _OSI(Module Device)
Aug 09 15:18:37 Archlinux kernel: ACPI: Added _OSI(Processor Device)
Aug 09 15:18:37 Archlinux kernel: ACPI: Added _OSI(3.0 _SCP Extensions)
Aug 09 15:18:37 Archlinux kernel: ACPI: Added _OSI(Processor Aggregator Device)
Aug 09 15:18:37 Archlinux kernel: ACPI BIOS Error (bug): Failure creating named object [\_SB.PCI0.XHC.RHUB.TPLD], AE_ALREADY_EXISTS (20220331/dswload2-326)
Aug 09 15:18:37 Archlinux kernel: ACPI Error: AE_ALREADY_EXISTS, During name lookup/catalog (20220331/psobject-220)
Aug 09 15:18:37 Archlinux kernel: ACPI: Skipping parse of AML opcode: Method (0x0014)
Aug 09 15:18:37 Archlinux kernel: ACPI BIOS Error (bug): Failure creating named object [\_SB.PCI0.XHC.RHUB.HS01._UPC], AE_ALREADY_EXISTS (20220331/dswload2-326)
Aug 09 15:18:37 Archlinux kernel: ACPI Error: AE_ALREADY_EXISTS, During name lookup/catalog (20220331/psobject-220)
Aug 09 15:18:37 Archlinux kernel: ACPI: Skipping parse of AML opcode: Method (0x0014)
Aug 09 15:18:37 Archlinux kernel: ACPI BIOS Error (bug): Failure creating named object [\_SB.PCI0.XHC.RHUB.HS01._PLD], AE_ALREADY_EXISTS (20220331/dswload2-326)
Aug 09 15:18:37 Archlinux kernel: ACPI Error: AE_ALREADY_EXISTS, During name lookup/catalog (20220331/psobject-220)
Aug 09 15:18:37 Archlinux kernel: ACPI: Skipping parse of AML opcode: Method (0x0014)
Aug 09 15:18:37 Archlinux kernel: ACPI BIOS Error (bug): Failure creating named object [\_SB.PCI0.XHC.RHUB.HS02._UPC], AE_ALREADY_EXISTS (20220331/dswload2-326)
Aug 09 15:18:37 Archlinux kernel: ACPI Error: AE_ALREADY_EXISTS, During name lookup/catalog (20220331/psobject-220)
Aug 09 15:18:37 Archlinux kernel: ACPI: Skipping parse of AML opcode: Method (0x0014)
Aug 09 15:18:37 Archlinux kernel: ACPI BIOS Error (bug): Failure creating named object [\_SB.PCI0.XHC.RHUB.HS02._PLD], AE_ALREADY_EXISTS (20220331/dswload2-326)
Aug 09 15:18:37 Archlinux kernel: ACPI Error: AE_ALREADY_EXISTS, During name lookup/catalog (20220331/psobject-220)
Aug 09 15:18:37 Archlinux kernel: ACPI: Skipping parse of AML opcode: Method (0x0014)
Aug 09 15:18:37 Archlinux kernel: ACPI BIOS Error (bug): Failure creating named object [\_SB.PCI0.XHC.RHUB.HS03._UPC], AE_ALREADY_EXISTS (20220331/dswload2-326)
Aug 09 15:18:37 Archlinux kernel: ACPI Error: AE_ALREADY_EXISTS, During name lookup/catalog (20220331/psobject-220)
Aug 09 15:18:37 Archlinux kernel: ACPI: Skipping parse of AML opcode: Method (0x0014)
Aug 09 15:18:37 Archlinux kernel: ACPI BIOS Error (bug): Failure creating named object [\_SB.PCI0.XHC.RHUB.HS03._PLD], AE_ALREADY_EXISTS (20220331/dswload2-326)
Aug 09 15:18:37 Archlinux kernel: ACPI Error: AE_ALREADY_EXISTS, During name lookup/catalog (20220331/psobject-220)
Aug 09 15:18:37 Archlinux kernel: ACPI: Skipping parse of AML opcode: Method (0x0014)
Aug 09 15:18:37 Archlinux kernel: ACPI BIOS Error (bug): Failure creating named object [\_SB.PCI0.XHC.RHUB.HS04._UPC], AE_ALREADY_EXISTS (20220331/dswload2-326)
Aug 09 15:18:37 Archlinux kernel: ACPI Error: AE_ALREADY_EXISTS, During name lookup/catalog (20220331/psobject-220)
Aug 09 15:18:37 Archlinux kernel: ACPI: Skipping parse of AML opcode: Method (0x0014)
Aug 09 15:18:37 Archlinux kernel: ACPI BIOS Error (bug): Failure creating named object [\_SB.PCI0.XHC.RHUB.HS04._PLD], AE_ALREADY_EXISTS (20220331/dswload2-326)
Aug 09 15:18:37 Archlinux kernel: ACPI Error: AE_ALREADY_EXISTS, During name lookup/catalog (20220331/psobject-220)
Aug 09 15:18:37 Archlinux kernel: ACPI: Skipping parse of AML opcode: Method (0x0014)
Aug 09 15:18:37 Archlinux kernel: ACPI BIOS Error (bug): Failure creating named object [\_SB.PCI0.XHC.RHUB.HS05._UPC], AE_ALREADY_EXISTS (20220331/dswload2-326)
Aug 09 15:18:37 Archlinux kernel: ACPI Error: AE_ALREADY_EXISTS, During name lookup/catalog (20220331/psobject-220)
Aug 09 15:18:37 Archlinux kernel: ACPI: Skipping parse of AML opcode: Method (0x0014)
Aug 09 15:18:37 Archlinux kernel: ACPI BIOS Error (bug): Failure creating named object [\_SB.PCI0.XHC.RHUB.HS06._UPC], AE_ALREADY_EXISTS (20220331/dswload2-326)
Aug 09 15:18:37 Archlinux kernel: ACPI Error: AE_ALREADY_EXISTS, During name lookup/catalog (20220331/psobject-220)
Aug 09 15:18:37 Archlinux kernel: ACPI: Skipping parse of AML opcode: Method (0x0014)
Aug 09 15:18:37 Archlinux kernel: ACPI BIOS Error (bug): Failure creating named object [\_SB.PCI0.XHC.RHUB.HS06._PLD], AE_ALREADY_EXISTS (20220331/dswload2-326)
Aug 09 15:18:37 Archlinux kernel: ACPI Error: AE_ALREADY_EXISTS, During name lookup/catalog (20220331/psobject-220)
Aug 09 15:18:37 Archlinux kernel: ACPI: Skipping parse of AML opcode: Method (0x0014)
Aug 09 15:18:37 Archlinux kernel: ACPI BIOS Error (bug): Failure creating named object [\_SB.PCI0.XHC.RHUB.HS07._UPC], AE_ALREADY_EXISTS (20220331/dswload2-326)
Aug 09 15:18:37 Archlinux kernel: ACPI Error: AE_ALREADY_EXISTS, During name lookup/catalog (20220331/psobject-220)
Aug 09 15:18:37 Archlinux kernel: ACPI: Skipping parse of AML opcode: Method (0x0014)
Aug 09 15:18:37 Archlinux kernel: ACPI BIOS Error (bug): Failure creating named object [\_SB.PCI0.XHC.RHUB.HS08._UPC], AE_ALREADY_EXISTS (20220331/dswload2-326)
Aug 09 15:18:37 Archlinux kernel: ACPI Error: AE_ALREADY_EXISTS, During name lookup/catalog (20220331/psobject-220)
Aug 09 15:18:37 Archlinux kernel: ACPI: Skipping parse of AML opcode: Method (0x0014)
Aug 09 15:18:37 Archlinux kernel: ACPI BIOS Error (bug): Failure creating named object [\_SB.PCI0.XHC.RHUB.HS09._UPC], AE_ALREADY_EXISTS (20220331/dswload2-326)
Aug 09 15:18:37 Archlinux kernel: ACPI Error: AE_ALREADY_EXISTS, During name lookup/catalog (20220331/psobject-220)
Aug 09 15:18:37 Archlinux kernel: ACPI: Skipping parse of AML opcode: Method (0x0014)
Aug 09 15:18:37 Archlinux kernel: ACPI BIOS Error (bug): Failure creating named object [\_SB.PCI0.XHC.RHUB.HS09._PLD], AE_ALREADY_EXISTS (20220331/dswload2-326)
Aug 09 15:18:37 Archlinux kernel: ACPI Error: AE_ALREADY_EXISTS, During name lookup/catalog (20220331/psobject-220)
Aug 09 15:18:37 Archlinux kernel: ACPI: Skipping parse of AML opcode: Method (0x0014)
Aug 09 15:18:37 Archlinux kernel: ACPI BIOS Error (bug): Failure creating named object [\_SB.PCI0.XHC.RHUB.HS10._UPC], AE_ALREADY_EXISTS (20220331/dswload2-326)
Aug 09 15:18:37 Archlinux kernel: ACPI Error: AE_ALREADY_EXISTS, During name lookup/catalog (20220331/psobject-220)
Aug 09 15:18:37 Archlinux kernel: ACPI: Skipping parse of AML opcode: Method (0x0014)
Aug 09 15:18:37 Archlinux kernel: ACPI BIOS Error (bug): Failure creating named object [\_SB.PCI0.XHC.RHUB.HS11._UPC], AE_ALREADY_EXISTS (20220331/dswload2-326)
Aug 09 15:18:37 Archlinux kernel: ACPI Error: AE_ALREADY_EXISTS, During name lookup/catalog (20220331/psobject-220)
Aug 09 15:18:37 Archlinux kernel: ACPI: Skipping parse of AML opcode: Method (0x0014)
Aug 09 15:18:37 Archlinux kernel: ACPI BIOS Error (bug): Failure creating named object [\_SB.PCI0.XHC.RHUB.HS12._UPC], AE_ALREADY_EXISTS (20220331/dswload2-326)
Aug 09 15:18:37 Archlinux kernel: ACPI Error: AE_ALREADY_EXISTS, During name lookup/catalog (20220331/psobject-220)
Aug 09 15:18:37 Archlinux kernel: ACPI: Skipping parse of AML opcode: Method (0x0014)
Aug 09 15:18:37 Archlinux kernel: ACPI BIOS Error (bug): Failure creating named object [\_SB.PCI0.XHC.RHUB.HS13._UPC], AE_ALREADY_EXISTS (20220331/dswload2-326)
Aug 09 15:18:37 Archlinux kernel: ACPI Error: AE_ALREADY_EXISTS, During name lookup/catalog (20220331/psobject-220)
Aug 09 15:18:37 Archlinux kernel: ACPI: Skipping parse of AML opcode: Method (0x0014)
Aug 09 15:18:37 Archlinux kernel: ACPI BIOS Error (bug): Failure creating named object [\_SB.PCI0.XHC.RHUB.HS14._UPC], AE_ALREADY_EXISTS (20220331/dswload2-326)
Aug 09 15:18:37 Archlinux kernel: ACPI Error: AE_ALREADY_EXISTS, During name lookup/catalog (20220331/psobject-220)
Aug 09 15:18:37 Archlinux kernel: ACPI: Skipping parse of AML opcode: Method (0x0014)
Aug 09 15:18:37 Archlinux kernel: ACPI BIOS Error (bug): Failure creating named object [\_SB.PCI0.XHC.RHUB.HS14._PLD], AE_ALREADY_EXISTS (20220331/dswload2-326)
Aug 09 15:18:37 Archlinux kernel: ACPI Error: AE_ALREADY_EXISTS, During name lookup/catalog (20220331/psobject-220)
Aug 09 15:18:37 Archlinux kernel: ACPI: Skipping parse of AML opcode: Method (0x0014)
Aug 09 15:18:37 Archlinux kernel: ACPI BIOS Error (bug): Could not resolve symbol [\_SB.PCI0.XHC.RHUB.USR1], AE_NOT_FOUND (20220331/dswload2-162)
Aug 09 15:18:37 Archlinux kernel: ACPI Error: AE_NOT_FOUND, During name lookup/catalog (20220331/psobject-220)
Aug 09 15:18:37 Archlinux kernel: ACPI: Skipping parse of AML opcode: Scope (0x0010)
Aug 09 15:18:37 Archlinux kernel: ACPI BIOS Error (bug): Could not resolve symbol [\_SB.PCI0.XHC.RHUB.USR2], AE_NOT_FOUND (20220331/dswload2-162)
Aug 09 15:18:37 Archlinux kernel: ACPI Error: AE_NOT_FOUND, During name lookup/catalog (20220331/psobject-220)
Aug 09 15:18:37 Archlinux kernel: ACPI: Skipping parse of AML opcode: Scope (0x0010)
Aug 09 15:18:37 Archlinux kernel: ACPI BIOS Error (bug): Failure creating named object [\_SB.PCI0.XHC.RHUB.SS01._UPC], AE_ALREADY_EXISTS (20220331/dswload2-326)
Aug 09 15:18:37 Archlinux kernel: ACPI Error: AE_ALREADY_EXISTS, During name lookup/catalog (20220331/psobject-220)
Aug 09 15:18:37 Archlinux kernel: ACPI: Skipping parse of AML opcode: Method (0x0014)
Aug 09 15:18:37 Archlinux kernel: ACPI BIOS Error (bug): Failure creating named object [\_SB.PCI0.XHC.RHUB.SS01._PLD], AE_ALREADY_EXISTS (20220331/dswload2-326)
Aug 09 15:18:37 Archlinux kernel: ACPI Error: AE_ALREADY_EXISTS, During name lookup/catalog (20220331/psobject-220)
Aug 09 15:18:37 Archlinux kernel: ACPI: Skipping parse of AML opcode: Method (0x0014)
Aug 09 15:18:37 Archlinux kernel: ACPI BIOS Error (bug): Failure creating named object [\_SB.PCI0.XHC.RHUB.SS02._UPC], AE_ALREADY_EXISTS (20220331/dswload2-326)
Aug 09 15:18:37 Archlinux kernel: ACPI Error: AE_ALREADY_EXISTS, During name lookup/catalog (20220331/psobject-220)
Aug 09 15:18:37 Archlinux kernel: ACPI: Skipping parse of AML opcode: Method (0x0014)
Aug 09 15:18:37 Archlinux kernel: ACPI BIOS Error (bug): Failure creating named object [\_SB.PCI0.XHC.RHUB.SS02._PLD], AE_ALREADY_EXISTS (20220331/dswload2-326)
Aug 09 15:18:37 Archlinux kernel: ACPI Error: AE_ALREADY_EXISTS, During name lookup/catalog (20220331/psobject-220)
Aug 09 15:18:37 Archlinux kernel: ACPI: Skipping parse of AML opcode: Method (0x0014)
Aug 09 15:18:37 Archlinux kernel: ACPI BIOS Error (bug): Failure creating named object [\_SB.PCI0.XHC.RHUB.SS03._UPC], AE_ALREADY_EXISTS (20220331/dswload2-326)
Aug 09 15:18:37 Archlinux kernel: ACPI Error: AE_ALREADY_EXISTS, During name lookup/catalog (20220331/psobject-220)
Aug 09 15:18:37 Archlinux kernel: ACPI: Skipping parse of AML opcode: Method (0x0014)
Aug 09 15:18:37 Archlinux kernel: ACPI BIOS Error (bug): Failure creating named object [\_SB.PCI0.XHC.RHUB.SS03._PLD], AE_ALREADY_EXISTS (20220331/dswload2-326)
Aug 09 15:18:37 Archlinux kernel: ACPI Error: AE_ALREADY_EXISTS, During name lookup/catalog (20220331/psobject-220)
Aug 09 15:18:37 Archlinux kernel: ACPI: Skipping parse of AML opcode: Method (0x0014)
Aug 09 15:18:37 Archlinux kernel: ACPI BIOS Error (bug): Failure creating named object [\_SB.PCI0.XHC.RHUB.SS04._UPC], AE_ALREADY_EXISTS (20220331/dswload2-326)
Aug 09 15:18:37 Archlinux kernel: ACPI Error: AE_ALREADY_EXISTS, During name lookup/catalog (20220331/psobject-220)
Aug 09 15:18:37 Archlinux kernel: ACPI: Skipping parse of AML opcode: Method (0x0014)
Aug 09 15:18:37 Archlinux kernel: ACPI BIOS Error (bug): Failure creating named object [\_SB.PCI0.XHC.RHUB.SS04._PLD], AE_ALREADY_EXISTS (20220331/dswload2-326)
Aug 09 15:18:37 Archlinux kernel: ACPI Error: AE_ALREADY_EXISTS, During name lookup/catalog (20220331/psobject-220)
Aug 09 15:18:37 Archlinux kernel: ACPI: Skipping parse of AML opcode: Method (0x0014)
Aug 09 15:18:37 Archlinux kernel: ACPI BIOS Error (bug): Failure creating named object [\_SB.PCI0.XHC.RHUB.SS05._UPC], AE_ALREADY_EXISTS (20220331/dswload2-326)
Aug 09 15:18:37 Archlinux kernel: ACPI Error: AE_ALREADY_EXISTS, During name lookup/catalog (20220331/psobject-220)
Aug 09 15:18:37 Archlinux kernel: ACPI: Skipping parse of AML opcode: Method (0x0014)
Aug 09 15:18:37 Archlinux kernel: ACPI BIOS Error (bug): Failure creating named object [\_SB.PCI0.XHC.RHUB.SS06._UPC], AE_ALREADY_EXISTS (20220331/dswload2-326)
Aug 09 15:18:37 Archlinux kernel: ACPI Error: AE_ALREADY_EXISTS, During name lookup/catalog (20220331/psobject-220)
Aug 09 15:18:37 Archlinux kernel: ACPI: Skipping parse of AML opcode: Method (0x0014)
Aug 09 15:18:37 Archlinux kernel: ACPI BIOS Error (bug): Failure creating named object [\_SB.PCI0.XHC.RHUB.SS07._UPC], AE_ALREADY_EXISTS (20220331/dswload2-326)
Aug 09 15:18:37 Archlinux kernel: ACPI Error: AE_ALREADY_EXISTS, During name lookup/catalog (20220331/psobject-220)
Aug 09 15:18:37 Archlinux kernel: ACPI: Skipping parse of AML opcode: Method (0x0014)
Aug 09 15:18:37 Archlinux kernel: ACPI BIOS Error (bug): Failure creating named object [\_SB.PCI0.XHC.RHUB.SS08._UPC], AE_ALREADY_EXISTS (20220331/dswload2-326)
Aug 09 15:18:37 Archlinux kernel: ACPI Error: AE_ALREADY_EXISTS, During name lookup/catalog (20220331/psobject-220)
Aug 09 15:18:37 Archlinux kernel: ACPI: Skipping parse of AML opcode: Method (0x0014)
Aug 09 15:18:37 Archlinux kernel: ACPI BIOS Error (bug): Failure creating named object [\_SB.PCI0.XHC.RHUB.SS09._UPC], AE_ALREADY_EXISTS (20220331/dswload2-326)
Aug 09 15:18:37 Archlinux kernel: ACPI Error: AE_ALREADY_EXISTS, During name lookup/catalog (20220331/psobject-220)
Aug 09 15:18:37 Archlinux kernel: ACPI: Skipping parse of AML opcode: Method (0x0014)
Aug 09 15:18:37 Archlinux kernel: ACPI BIOS Error (bug): Failure creating named object [\_SB.PCI0.XHC.RHUB.SS10._UPC], AE_ALREADY_EXISTS (20220331/dswload2-326)
Aug 09 15:18:37 Archlinux kernel: ACPI Error: AE_ALREADY_EXISTS, During name lookup/catalog (20220331/psobject-220)
Aug 09 15:18:37 Archlinux kernel: ACPI: Skipping parse of AML opcode: Method (0x0014)
Aug 09 15:18:37 Archlinux kernel: ACPI BIOS Error (bug): Could not resolve symbol [\_SB.PCI0.I2C2.TPD0], AE_NOT_FOUND (20220331/dswload2-162)
Aug 09 15:18:37 Archlinux kernel: ACPI Error: AE_NOT_FOUND, During name lookup/catalog (20220331/psobject-220)
Aug 09 15:18:37 Archlinux kernel: ACPI: Skipping parse of AML opcode: Scope (0x0010)
Aug 09 15:18:37 Archlinux kernel: ACPI BIOS Error (bug): Could not resolve symbol [\_SB.PCI0.I2C3.TPL1], AE_NOT_FOUND (20220331/dswload2-162)
Aug 09 15:18:37 Archlinux kernel: ACPI Error: AE_NOT_FOUND, During name lookup/catalog (20220331/psobject-220)
Aug 09 15:18:37 Archlinux kernel: ACPI: Skipping parse of AML opcode: Scope (0x0010)
Aug 09 15:18:37 Archlinux kernel: ACPI BIOS Error (bug): Failure creating named object [\_SB.PCI0.PEG0.PEGP._ON], AE_ALREADY_EXISTS (20220331/dswload2-326)
Aug 09 15:18:37 Archlinux kernel: ACPI Error: AE_ALREADY_EXISTS, During name lookup/catalog (20220331/psobject-220)
Aug 09 15:18:37 Archlinux kernel: ACPI: Skipping parse of AML opcode: Method (0x0014)
Aug 09 15:18:37 Archlinux kernel: ACPI BIOS Error (bug): Failure creating named object [\_SB.PCI0.PEG0.PEGP._OFF], AE_ALREADY_EXISTS (20220331/dswload2-326)
Aug 09 15:18:37 Archlinux kernel: ACPI Error: AE_ALREADY_EXISTS, During name lookup/catalog (20220331/psobject-220)
Aug 09 15:18:37 Archlinux kernel: ACPI: Skipping parse of AML opcode: Method (0x0014)
Aug 09 15:18:37 Archlinux kernel: ACPI BIOS Error (bug): Failure creating named object [\_SB.PCI0.PEG0.PEGP.SGPO], AE_ALREADY_EXISTS (20220331/dswload2-326)
Aug 09 15:18:37 Archlinux kernel: ACPI Error: AE_ALREADY_EXISTS, During name lookup/catalog (20220331/psobject-220)
Aug 09 15:18:37 Archlinux kernel: ACPI: Skipping parse of AML opcode: Method (0x0014)
Aug 09 15:18:37 Archlinux kernel: ACPI: 25 ACPI AML tables successfully acquired and loaded
Aug 09 15:18:37 Archlinux kernel: ACPI: BIOS _OSI(Darwin) query ignored
Aug 09 15:18:37 Archlinux kernel: ACPI: Dynamic OEM Table Load:
Aug 09 15:18:37 Archlinux kernel: ACPI: SSDT 0xFFFF9AA0415AAE00 0000F4 (v02 PmRef  Cpu0Psd  00003000 INTL 20160422)
Aug 09 15:18:37 Archlinux kernel: ACPI: \_SB_.PR00: _OSC native thermal LVT Acked
Aug 09 15:18:37 Archlinux kernel: ACPI: Dynamic OEM Table Load:
Aug 09 15:18:37 Archlinux kernel: ACPI: SSDT 0xFFFF9AA0415EC800 000400 (v02 PmRef  Cpu0Cst  00003001 INTL 20160422)
Aug 09 15:18:37 Archlinux kernel: ACPI: Dynamic OEM Table Load:
Aug 09 15:18:37 Archlinux kernel: ACPI: SSDT 0xFFFF9AA0415FB000 00053F (v02 PmRef  Cpu0Ist  00003000 INTL 20160422)
Aug 09 15:18:37 Archlinux kernel: ACPI: Dynamic OEM Table Load:
Aug 09 15:18:37 Archlinux kernel: ACPI: SSDT 0xFFFF9AA04157AC00 00011B (v02 PmRef  Cpu0Hwp  00003000 INTL 20160422)
Aug 09 15:18:37 Archlinux kernel: ACPI: Dynamic OEM Table Load:
Aug 09 15:18:37 Archlinux kernel: ACPI: SSDT 0xFFFF9AA0415F8000 000724 (v02 PmRef  HwpLvt   00003000 INTL 20160422)
Aug 09 15:18:37 Archlinux kernel: ACPI: Dynamic OEM Table Load:
Aug 09 15:18:37 Archlinux kernel: ACPI: SSDT 0xFFFF9AA0415F8800 0005FC (v02 PmRef  ApIst    00003000 INTL 20160422)
Aug 09 15:18:37 Archlinux kernel: ACPI: Dynamic OEM Table Load:
Aug 09 15:18:37 Archlinux kernel: ACPI: SSDT 0xFFFF9AA0415EE000 000317 (v02 PmRef  ApHwp    00003000 INTL 20160422)
Aug 09 15:18:37 Archlinux kernel: ACPI: Dynamic OEM Table Load:
Aug 09 15:18:37 Archlinux kernel: ACPI: SSDT 0xFFFF9AA0415F7000 000AB0 (v02 PmRef  ApPsd    00003000 INTL 20160422)
Aug 09 15:18:37 Archlinux kernel: ACPI: Dynamic OEM Table Load:
Aug 09 15:18:37 Archlinux kernel: ACPI: SSDT 0xFFFF9AA040E81000 00030A (v02 PmRef  ApCst    00003000 INTL 20160422)
Aug 09 15:18:37 Archlinux kernel: ACPI: EC: EC started
Aug 09 15:18:37 Archlinux kernel: ACPI: EC: interrupt blocked
Aug 09 15:18:37 Archlinux kernel: ACPI: EC: EC_CMD/EC_SC=0x66, EC_DATA=0x62
Aug 09 15:18:37 Archlinux kernel: ACPI: \_SB_.PCI0.LPCB.EC0_: Boot DSDT EC used to handle transactions
Aug 09 15:18:37 Archlinux kernel: ACPI: Interpreter enabled
Aug 09 15:18:37 Archlinux kernel: ACPI: PM: (supports S0 S3 S4 S5)
Aug 09 15:18:37 Archlinux kernel: ACPI: Using IOAPIC for interrupt routing
Aug 09 15:18:37 Archlinux kernel: PCI: Using host bridge windows from ACPI; if necessary, use "pci=nocrs" and report a bug
Aug 09 15:18:37 Archlinux kernel: PCI: Using E820 reservations for host bridge windows
Aug 09 15:18:37 Archlinux kernel: ACPI: Enabled 10 GPEs in block 00 to 7F
Aug 09 15:18:37 Archlinux kernel: ACPI: PM: Power Resource [PG00]
Aug 09 15:18:37 Archlinux kernel: ACPI: PM: Power Resource [PUBS]
Aug 09 15:18:37 Archlinux kernel: ACPI: PM: Power Resource [USBC]
Aug 09 15:18:37 Archlinux kernel: ACPI: PM: Power Resource [PAUD]
Aug 09 15:18:37 Archlinux kernel: ACPI: PM: Power Resource [PXP]
Aug 09 15:18:37 Archlinux kernel: ACPI: PM: Power Resource [PXP]
Aug 09 15:18:37 Archlinux kernel: ACPI: PM: Power Resource [V0PR]
Aug 09 15:18:37 Archlinux kernel: ACPI: PM: Power Resource [V1PR]
Aug 09 15:18:37 Archlinux kernel: ACPI: PM: Power Resource [V2PR]
Aug 09 15:18:37 Archlinux kernel: ACPI: PM: Power Resource [PXTC]
Aug 09 15:18:37 Archlinux kernel: ACPI: PM: Power Resource [PXTC]
Aug 09 15:18:37 Archlinux kernel: ACPI: PM: Power Resource [WRST]
Aug 09 15:18:37 Archlinux kernel: ACPI: PM: Power Resource [PIN]
Aug 09 15:18:37 Archlinux kernel: ACPI: PCI Root Bridge [PCI0] (domain 0000 [bus 00-fe])
Aug 09 15:18:37 Archlinux kernel: acpi PNP0A08:00: _OSC: OS supports [ExtendedConfig ASPM ClockPM Segments MSI EDR HPX-Type3]
Aug 09 15:18:37 Archlinux kernel: acpi PNP0A08:00: _OSC: OS now controls [PCIeHotplug SHPCHotplug PME AER PCIeCapability LTR DPC]
Aug 09 15:18:37 Archlinux kernel: acpi PNP0A08:00: FADT indicates ASPM is unsupported, using BIOS configuration
Aug 09 15:18:37 Archlinux kernel: PCI host bridge to bus 0000:00
Aug 09 15:18:37 Archlinux kernel: pci_bus 0000:00: root bus resource [io  0x0000-0x0cf7 window]
Aug 09 15:18:37 Archlinux kernel: pci_bus 0000:00: root bus resource [io  0x0d00-0xffff window]
Aug 09 15:18:37 Archlinux kernel: pci_bus 0000:00: root bus resource [mem 0x000a0000-0x000bffff window]
Aug 09 15:18:37 Archlinux kernel: pci_bus 0000:00: root bus resource [mem 0x8f800000-0xdfffffff window]
Aug 09 15:18:37 Archlinux kernel: pci_bus 0000:00: root bus resource [mem 0xfc800000-0xfe7fffff window]
Aug 09 15:18:37 Archlinux kernel: pci_bus 0000:00: root bus resource [bus 00-fe]
Aug 09 15:18:37 Archlinux kernel: pci 0000:00:00.0: [8086:3e10] type 00 class 0x060000
Aug 09 15:18:37 Archlinux kernel: pci 0000:00:01.0: [8086:1901] type 01 class 0x060400
Aug 09 15:18:37 Archlinux kernel: pci 0000:00:01.0: PME# supported from D0 D3hot D3cold
Aug 09 15:18:37 Archlinux kernel: pci 0000:00:02.0: [8086:3e9b] type 00 class 0x030000
Aug 09 15:18:37 Archlinux kernel: pci 0000:00:02.0: reg 0x10: [mem 0xa2000000-0xa2ffffff 64bit]
Aug 09 15:18:37 Archlinux kernel: pci 0000:00:02.0: reg 0x18: [mem 0xb0000000-0xbfffffff 64bit pref]
Aug 09 15:18:37 Archlinux kernel: pci 0000:00:02.0: reg 0x20: [io  0x5000-0x503f]
Aug 09 15:18:37 Archlinux kernel: pci 0000:00:02.0: BAR 2: assigned to efifb
Aug 09 15:18:37 Archlinux kernel: pci 0000:00:02.0: Video device with shadowed ROM at [mem 0x000c0000-0x000dffff]
Aug 09 15:18:37 Archlinux kernel: pci 0000:00:04.0: [8086:1903] type 00 class 0x118000
Aug 09 15:18:37 Archlinux kernel: pci 0000:00:04.0: reg 0x10: [mem 0xa4810000-0xa4817fff 64bit]
Aug 09 15:18:37 Archlinux kernel: pci 0000:00:08.0: [8086:1911] type 00 class 0x088000
Aug 09 15:18:37 Archlinux kernel: pci 0000:00:08.0: reg 0x10: [mem 0xa4820000-0xa4820fff 64bit]
Aug 09 15:18:37 Archlinux kernel: pci 0000:00:12.0: [8086:a379] type 00 class 0x118000
Aug 09 15:18:37 Archlinux kernel: pci 0000:00:12.0: reg 0x10: [mem 0xa4821000-0xa4821fff 64bit]
Aug 09 15:18:37 Archlinux kernel: pci 0000:00:14.0: [8086:a36d] type 00 class 0x0c0330
Aug 09 15:18:37 Archlinux kernel: pci 0000:00:14.0: reg 0x10: [mem 0xa4800000-0xa480ffff 64bit]
Aug 09 15:18:37 Archlinux kernel: pci 0000:00:14.0: PME# supported from D3hot D3cold
Aug 09 15:18:37 Archlinux kernel: pci 0000:00:14.2: [8086:a36f] type 00 class 0x050000
Aug 09 15:18:37 Archlinux kernel: pci 0000:00:14.2: reg 0x10: [mem 0xa481c000-0xa481dfff 64bit]
Aug 09 15:18:37 Archlinux kernel: pci 0000:00:14.2: reg 0x18: [mem 0xa4822000-0xa4822fff 64bit]
Aug 09 15:18:37 Archlinux kernel: pci 0000:00:15.0: [8086:a368] type 00 class 0x0c8000
Aug 09 15:18:37 Archlinux kernel: pci 0000:00:15.0: reg 0x10: [mem 0x00000000-0x00000fff 64bit]
Aug 09 15:18:37 Archlinux kernel: pci 0000:00:15.1: [8086:a369] type 00 class 0x0c8000
Aug 09 15:18:37 Archlinux kernel: pci 0000:00:15.1: reg 0x10: [mem 0x00000000-0x00000fff 64bit]
Aug 09 15:18:37 Archlinux kernel: pci 0000:00:16.0: [8086:a360] type 00 class 0x078000
Aug 09 15:18:37 Archlinux kernel: pci 0000:00:16.0: reg 0x10: [mem 0xa4825000-0xa4825fff 64bit]
Aug 09 15:18:37 Archlinux kernel: pci 0000:00:16.0: PME# supported from D3hot
Aug 09 15:18:37 Archlinux kernel: pci 0000:00:17.0: [8086:a353] type 00 class 0x010601
Aug 09 15:18:37 Archlinux kernel: pci 0000:00:17.0: reg 0x10: [mem 0xa481e000-0xa481ffff]
Aug 09 15:18:37 Archlinux kernel: pci 0000:00:17.0: reg 0x14: [mem 0xa482a000-0xa482a0ff]
Aug 09 15:18:37 Archlinux kernel: pci 0000:00:17.0: reg 0x18: [io  0x5080-0x5087]
Aug 09 15:18:37 Archlinux kernel: pci 0000:00:17.0: reg 0x1c: [io  0x5088-0x508b]
Aug 09 15:18:37 Archlinux kernel: pci 0000:00:17.0: reg 0x20: [io  0x5060-0x507f]
Aug 09 15:18:37 Archlinux kernel: pci 0000:00:17.0: reg 0x24: [mem 0xa4829000-0xa48297ff]
Aug 09 15:18:37 Archlinux kernel: pci 0000:00:17.0: PME# supported from D3hot
Aug 09 15:18:37 Archlinux kernel: pci 0000:00:1d.0: [8086:a330] type 01 class 0x060400
Aug 09 15:18:37 Archlinux kernel: pci 0000:00:1d.0: PME# supported from D0 D3hot D3cold
Aug 09 15:18:37 Archlinux kernel: pci 0000:00:1d.0: PTM enabled (root), 4ns granularity
Aug 09 15:18:37 Archlinux kernel: pci 0000:00:1d.4: [8086:a334] type 01 class 0x060400
Aug 09 15:18:37 Archlinux kernel: pci 0000:00:1d.4: PME# supported from D0 D3hot D3cold
Aug 09 15:18:37 Archlinux kernel: pci 0000:00:1d.4: PTM enabled (root), 4ns granularity
Aug 09 15:18:37 Archlinux kernel: pci 0000:00:1d.5: [8086:a335] type 01 class 0x060400
Aug 09 15:18:37 Archlinux kernel: pci 0000:00:1d.5: PME# supported from D0 D3hot D3cold
Aug 09 15:18:37 Archlinux kernel: pci 0000:00:1d.5: PTM enabled (root), 4ns granularity
Aug 09 15:18:37 Archlinux kernel: pci 0000:00:1e.0: [8086:a328] type 00 class 0x078000
Aug 09 15:18:37 Archlinux kernel: pci 0000:00:1e.0: reg 0x10: [mem 0x00000000-0x00000fff 64bit]
Aug 09 15:18:37 Archlinux kernel: pci 0000:00:1f.0: [8086:a30d] type 00 class 0x060100
Aug 09 15:18:37 Archlinux kernel: pci 0000:00:1f.3: [8086:a348] type 00 class 0x040300
Aug 09 15:18:37 Archlinux kernel: pci 0000:00:1f.3: reg 0x10: [mem 0xa4818000-0xa481bfff 64bit]
Aug 09 15:18:37 Archlinux kernel: pci 0000:00:1f.3: reg 0x20: [mem 0xa4500000-0xa45fffff 64bit]
Aug 09 15:18:37 Archlinux kernel: pci 0000:00:1f.3: PME# supported from D3hot D3cold
Aug 09 15:18:37 Archlinux kernel: pci 0000:00:1f.4: [8086:a323] type 00 class 0x0c0500
Aug 09 15:18:37 Archlinux kernel: pci 0000:00:1f.4: reg 0x10: [mem 0xa4827000-0xa48270ff 64bit]
Aug 09 15:18:37 Archlinux kernel: pci 0000:00:1f.4: reg 0x20: [io  0x5040-0x505f]
Aug 09 15:18:37 Archlinux kernel: pci 0000:00:1f.5: [8086:a324] type 00 class 0x0c8000
Aug 09 15:18:37 Archlinux kernel: pci 0000:00:1f.5: reg 0x10: [mem 0xfe010000-0xfe010fff]
Aug 09 15:18:37 Archlinux kernel: pci 0000:01:00.0: [10de:1f91] type 00 class 0x030000
Aug 09 15:18:37 Archlinux kernel: pci 0000:01:00.0: reg 0x10: [mem 0xa3000000-0xa3ffffff]
Aug 09 15:18:37 Archlinux kernel: pci 0000:01:00.0: reg 0x14: [mem 0x90000000-0x9fffffff 64bit pref]
Aug 09 15:18:37 Archlinux kernel: pci 0000:01:00.0: reg 0x1c: [mem 0xa0000000-0xa1ffffff 64bit pref]
Aug 09 15:18:37 Archlinux kernel: pci 0000:01:00.0: reg 0x24: [io  0x4000-0x407f]
Aug 09 15:18:37 Archlinux kernel: pci 0000:01:00.0: reg 0x30: [mem 0xfff80000-0xffffffff pref]
Aug 09 15:18:37 Archlinux kernel: pci 0000:01:00.0: PME# supported from D0 D3hot
Aug 09 15:18:37 Archlinux kernel: pci 0000:01:00.1: [10de:10fa] type 00 class 0x040300
Aug 09 15:18:37 Archlinux kernel: pci 0000:01:00.1: reg 0x10: [mem 0xa4000000-0xa4003fff]
Aug 09 15:18:37 Archlinux kernel: pci 0000:00:01.0: PCI bridge to [bus 01-05]
Aug 09 15:18:37 Archlinux kernel: pci 0000:00:01.0:   bridge window [io  0x4000-0x4fff]
Aug 09 15:18:37 Archlinux kernel: pci 0000:00:01.0:   bridge window [mem 0xa3000000-0xa40fffff]
Aug 09 15:18:37 Archlinux kernel: pci 0000:00:01.0:   bridge window [mem 0x90000000-0xa1ffffff 64bit pref]
Aug 09 15:18:37 Archlinux kernel: pci 0000:06:00.0: [144d:a808] type 00 class 0x010802
Aug 09 15:18:37 Archlinux kernel: pci 0000:06:00.0: reg 0x10: [mem 0xa4700000-0xa4703fff 64bit]
Aug 09 15:18:37 Archlinux kernel: pci 0000:00:1d.0: PCI bridge to [bus 06]
Aug 09 15:18:37 Archlinux kernel: pci 0000:00:1d.0:   bridge window [mem 0xa4700000-0xa47fffff]
Aug 09 15:18:37 Archlinux kernel: pci 0000:07:00.0: [14e4:43a0] type 00 class 0x028000
Aug 09 15:18:37 Archlinux kernel: pci 0000:07:00.0: reg 0x10: [mem 0xa4400000-0xa4407fff 64bit]
Aug 09 15:18:37 Archlinux kernel: pci 0000:07:00.0: reg 0x18: [mem 0xa4200000-0xa43fffff 64bit]
Aug 09 15:18:37 Archlinux kernel: pci 0000:07:00.0: supports D1 D2
Aug 09 15:18:37 Archlinux kernel: pci 0000:07:00.0: PME# supported from D0 D1 D2 D3hot D3cold
Aug 09 15:18:37 Archlinux kernel: pci 0000:00:1d.4: PCI bridge to [bus 07]
Aug 09 15:18:37 Archlinux kernel: pci 0000:00:1d.4:   bridge window [mem 0xa4200000-0xa44fffff]
Aug 09 15:18:37 Archlinux kernel: pci 0000:08:00.0: [10ec:8168] type 00 class 0x020000
Aug 09 15:18:37 Archlinux kernel: pci 0000:08:00.0: reg 0x10: [io  0x3000-0x30ff]
Aug 09 15:18:37 Archlinux kernel: pci 0000:08:00.0: reg 0x18: [mem 0xa4604000-0xa4604fff 64bit]
Aug 09 15:18:37 Archlinux kernel: pci 0000:08:00.0: reg 0x20: [mem 0xa4600000-0xa4603fff 64bit]
Aug 09 15:18:37 Archlinux kernel: pci 0000:08:00.0: supports D1 D2
Aug 09 15:18:37 Archlinux kernel: pci 0000:08:00.0: PME# supported from D0 D1 D2 D3hot D3cold
Aug 09 15:18:37 Archlinux kernel: pci 0000:00:1d.5: PCI bridge to [bus 08]
Aug 09 15:18:37 Archlinux kernel: pci 0000:00:1d.5:   bridge window [io  0x3000-0x3fff]
Aug 09 15:18:37 Archlinux kernel: pci 0000:00:1d.5:   bridge window [mem 0xa4600000-0xa46fffff]
Aug 09 15:18:37 Archlinux kernel: ACPI: EC: interrupt unblocked
Aug 09 15:18:37 Archlinux kernel: ACPI: EC: event unblocked
Aug 09 15:18:37 Archlinux kernel: ACPI: EC: EC_CMD/EC_SC=0x66, EC_DATA=0x62
Aug 09 15:18:37 Archlinux kernel: ACPI: EC: GPE=0x2
Aug 09 15:18:37 Archlinux kernel: ACPI: \_SB_.PCI0.LPCB.EC0_: Boot DSDT EC initialization complete
Aug 09 15:18:37 Archlinux kernel: ACPI: \_SB_.PCI0.LPCB.EC0_: EC: Used to handle transactions and events
Aug 09 15:18:37 Archlinux kernel: iommu: Default domain type: Translated 
Aug 09 15:18:37 Archlinux kernel: iommu: DMA domain TLB invalidation policy: lazy mode 
Aug 09 15:18:37 Archlinux kernel: SCSI subsystem initialized
Aug 09 15:18:37 Archlinux kernel: libata version 3.00 loaded.
Aug 09 15:18:37 Archlinux kernel: ACPI: bus type USB registered
Aug 09 15:18:37 Archlinux kernel: usbcore: registered new interface driver usbfs
Aug 09 15:18:37 Archlinux kernel: usbcore: registered new interface driver hub
Aug 09 15:18:37 Archlinux kernel: usbcore: registered new device driver usb
Aug 09 15:18:37 Archlinux kernel: pps_core: LinuxPPS API ver. 1 registered
Aug 09 15:18:37 Archlinux kernel: pps_core: Software ver. 5.3.6 - Copyright 2005-2007 Rodolfo Giometti <giometti@linux.it>
Aug 09 15:18:37 Archlinux kernel: PTP clock support registered
Aug 09 15:18:37 Archlinux kernel: EDAC MC: Ver: 3.0.0
Aug 09 15:18:37 Archlinux kernel: Registered efivars operations
Aug 09 15:18:37 Archlinux kernel: NetLabel: Initializing
Aug 09 15:18:37 Archlinux kernel: NetLabel:  domain hash size = 128
Aug 09 15:18:37 Archlinux kernel: NetLabel:  protocols = UNLABELED CIPSOv4 CALIPSO
Aug 09 15:18:37 Archlinux kernel: NetLabel:  unlabeled traffic allowed by default
Aug 09 15:18:37 Archlinux kernel: mctp: management component transport protocol core
Aug 09 15:18:37 Archlinux kernel: NET: Registered PF_MCTP protocol family
Aug 09 15:18:37 Archlinux kernel: PCI: Using ACPI for IRQ routing
Aug 09 15:18:37 Archlinux kernel: PCI: pci_cache_line_size set to 64 bytes
Aug 09 15:18:37 Archlinux kernel: e820: reserve RAM buffer [mem 0x0009f000-0x0009ffff]
Aug 09 15:18:37 Archlinux kernel: e820: reserve RAM buffer [mem 0x6e4c0018-0x6fffffff]
Aug 09 15:18:37 Archlinux kernel: e820: reserve RAM buffer [mem 0x6e4cf018-0x6fffffff]
Aug 09 15:18:37 Archlinux kernel: e820: reserve RAM buffer [mem 0x6e4e0018-0x6fffffff]
Aug 09 15:18:37 Archlinux kernel: e820: reserve RAM buffer [mem 0x71e87000-0x73ffffff]
Aug 09 15:18:37 Archlinux kernel: e820: reserve RAM buffer [mem 0x78405000-0x7bffffff]
Aug 09 15:18:37 Archlinux kernel: e820: reserve RAM buffer [mem 0x8899e000-0x8bffffff]
Aug 09 15:18:37 Archlinux kernel: e820: reserve RAM buffer [mem 0x89d0f000-0x8bffffff]
Aug 09 15:18:37 Archlinux kernel: e820: reserve RAM buffer [mem 0x46e800000-0x46fffffff]
Aug 09 15:18:37 Archlinux kernel: pci 0000:00:02.0: vgaarb: setting as boot VGA device
Aug 09 15:18:37 Archlinux kernel: pci 0000:00:02.0: vgaarb: bridge control possible
Aug 09 15:18:37 Archlinux kernel: pci 0000:00:02.0: vgaarb: VGA device added: decodes=io+mem,owns=io+mem,locks=none
Aug 09 15:18:37 Archlinux kernel: pci 0000:01:00.0: vgaarb: bridge control possible
Aug 09 15:18:37 Archlinux kernel: pci 0000:01:00.0: vgaarb: VGA device added: decodes=io+mem,owns=none,locks=none
Aug 09 15:18:37 Archlinux kernel: vgaarb: loaded
Aug 09 15:18:37 Archlinux kernel: clocksource: Switched to clocksource tsc-early
Aug 09 15:18:37 Archlinux kernel: VFS: Disk quotas dquot_6.6.0
Aug 09 15:18:37 Archlinux kernel: VFS: Dquot-cache hash table entries: 512 (order 0, 4096 bytes)
Aug 09 15:18:37 Archlinux kernel: pnp: PnP ACPI init
Aug 09 15:18:37 Archlinux kernel: system 00:00: [mem 0x40000000-0x403fffff] could not be reserved
Aug 09 15:18:37 Archlinux kernel: system 00:01: [io  0x1800-0x18fe] has been reserved
Aug 09 15:18:37 Archlinux kernel: system 00:01: [mem 0xfd000000-0xfd69ffff] has been reserved
Aug 09 15:18:37 Archlinux kernel: system 00:01: [mem 0xfd6c0000-0xfd6cffff] has been reserved
Aug 09 15:18:37 Archlinux kernel: system 00:01: [mem 0xfd6f0000-0xfdffffff] has been reserved
Aug 09 15:18:37 Archlinux kernel: system 00:01: [mem 0xfe000000-0xfe01ffff] could not be reserved
Aug 09 15:18:37 Archlinux kernel: system 00:01: [mem 0xfe200000-0xfe7fffff] has been reserved
Aug 09 15:18:37 Archlinux kernel: system 00:01: [mem 0xff000000-0xffffffff] could not be reserved
Aug 09 15:18:37 Archlinux kernel: system 00:02: [io  0x2000-0x20fe] has been reserved
Aug 09 15:18:37 Archlinux kernel: system 00:03: [io  0x0680-0x069f] has been reserved
Aug 09 15:18:37 Archlinux kernel: system 00:03: [io  0x164e-0x164f] has been reserved
Aug 09 15:18:37 Archlinux kernel: system 00:04: [io  0x1854-0x1857] has been reserved
Aug 09 15:18:37 Archlinux kernel: system 00:06: [mem 0xfe037000-0xfe037fff] has been reserved
Aug 09 15:18:37 Archlinux kernel: system 00:06: [mem 0xfe036008-0xfe036fff] has been reserved
Aug 09 15:18:37 Archlinux kernel: system 00:07: [mem 0xfed10000-0xfed17fff] has been reserved
Aug 09 15:18:37 Archlinux kernel: system 00:07: [mem 0xfed18000-0xfed18fff] has been reserved
Aug 09 15:18:37 Archlinux kernel: system 00:07: [mem 0xfed19000-0xfed19fff] has been reserved
Aug 09 15:18:37 Archlinux kernel: system 00:07: [mem 0xe0000000-0xefffffff] has been reserved
Aug 09 15:18:37 Archlinux kernel: system 00:07: [mem 0xfed20000-0xfed3ffff] has been reserved
Aug 09 15:18:37 Archlinux kernel: system 00:07: [mem 0xfed90000-0xfed93fff] could not be reserved
Aug 09 15:18:37 Archlinux kernel: system 00:07: [mem 0xfed45000-0xfed8ffff] could not be reserved
Aug 09 15:18:37 Archlinux kernel: system 00:07: [mem 0xfee00000-0xfeefffff] could not be reserved
Aug 09 15:18:37 Archlinux kernel: pnp: PnP ACPI: found 8 devices
Aug 09 15:18:37 Archlinux kernel: clocksource: acpi_pm: mask: 0xffffff max_cycles: 0xffffff, max_idle_ns: 2085701024 ns
Aug 09 15:18:37 Archlinux kernel: NET: Registered PF_INET protocol family
Aug 09 15:18:37 Archlinux kernel: IP idents hash table entries: 262144 (order: 9, 2097152 bytes, linear)
Aug 09 15:18:37 Archlinux kernel: tcp_listen_portaddr_hash hash table entries: 8192 (order: 5, 131072 bytes, linear)
Aug 09 15:18:37 Archlinux kernel: Table-perturb hash table entries: 65536 (order: 6, 262144 bytes, linear)
Aug 09 15:18:37 Archlinux kernel: TCP established hash table entries: 131072 (order: 8, 1048576 bytes, linear)
Aug 09 15:18:37 Archlinux kernel: TCP bind hash table entries: 65536 (order: 9, 2097152 bytes, linear)
Aug 09 15:18:37 Archlinux kernel: TCP: Hash tables configured (established 131072 bind 65536)
Aug 09 15:18:37 Archlinux kernel: MPTCP token hash table entries: 16384 (order: 6, 393216 bytes, linear)
Aug 09 15:18:37 Archlinux kernel: UDP hash table entries: 8192 (order: 6, 262144 bytes, linear)
Aug 09 15:18:37 Archlinux kernel: UDP-Lite hash table entries: 8192 (order: 6, 262144 bytes, linear)
Aug 09 15:18:37 Archlinux kernel: NET: Registered PF_UNIX/PF_LOCAL protocol family
Aug 09 15:18:37 Archlinux kernel: NET: Registered PF_XDP protocol family
Aug 09 15:18:37 Archlinux kernel: pci 0000:01:00.0: can't claim BAR 6 [mem 0xfff80000-0xffffffff pref]: no compatible bridge window
Aug 09 15:18:37 Archlinux kernel: clipped [mem size 0x00000000 64bit] to [mem size 0xfffffffffffa0000 64bit] for e820 entry [mem 0x0009f000-0x000fffff]
Aug 09 15:18:37 Archlinux kernel: clipped [mem size 0x00020000 64bit] to [mem size 0xfffffffffffc0000 64bit] for e820 entry [mem 0x0009f000-0x000fffff]
Aug 09 15:18:37 Archlinux kernel: pci 0000:00:15.0: BAR 0: assigned [mem 0x8f800000-0x8f800fff 64bit]
Aug 09 15:18:37 Archlinux kernel: clipped [mem size 0x00000000 64bit] to [mem size 0xfffffffffffa0000 64bit] for e820 entry [mem 0x0009f000-0x000fffff]
Aug 09 15:18:37 Archlinux kernel: clipped [mem size 0x00020000 64bit] to [mem size 0xfffffffffffc0000 64bit] for e820 entry [mem 0x0009f000-0x000fffff]
Aug 09 15:18:37 Archlinux kernel: pci 0000:00:15.1: BAR 0: assigned [mem 0x8f801000-0x8f801fff 64bit]
Aug 09 15:18:37 Archlinux kernel: clipped [mem size 0x00000000 64bit] to [mem size 0xfffffffffffa0000 64bit] for e820 entry [mem 0x0009f000-0x000fffff]
Aug 09 15:18:37 Archlinux kernel: clipped [mem size 0x00020000 64bit] to [mem size 0xfffffffffffc0000 64bit] for e820 entry [mem 0x0009f000-0x000fffff]
Aug 09 15:18:37 Archlinux kernel: pci 0000:00:1e.0: BAR 0: assigned [mem 0x8f802000-0x8f802fff 64bit]
Aug 09 15:18:37 Archlinux kernel: pci 0000:01:00.0: BAR 6: assigned [mem 0xa4080000-0xa40fffff pref]
Aug 09 15:18:37 Archlinux kernel: pci 0000:00:01.0: PCI bridge to [bus 01-05]
Aug 09 15:18:37 Archlinux kernel: pci 0000:00:01.0:   bridge window [io  0x4000-0x4fff]
Aug 09 15:18:37 Archlinux kernel: pci 0000:00:01.0:   bridge window [mem 0xa3000000-0xa40fffff]
Aug 09 15:18:37 Archlinux kernel: pci 0000:00:01.0:   bridge window [mem 0x90000000-0xa1ffffff 64bit pref]
Aug 09 15:18:37 Archlinux kernel: pci 0000:00:1d.0: PCI bridge to [bus 06]
Aug 09 15:18:37 Archlinux kernel: pci 0000:00:1d.0:   bridge window [mem 0xa4700000-0xa47fffff]
Aug 09 15:18:37 Archlinux kernel: pci 0000:00:1d.4: PCI bridge to [bus 07]
Aug 09 15:18:37 Archlinux kernel: pci 0000:00:1d.4:   bridge window [mem 0xa4200000-0xa44fffff]
Aug 09 15:18:37 Archlinux kernel: pci 0000:00:1d.5: PCI bridge to [bus 08]
Aug 09 15:18:37 Archlinux kernel: pci 0000:00:1d.5:   bridge window [io  0x3000-0x3fff]
Aug 09 15:18:37 Archlinux kernel: pci 0000:00:1d.5:   bridge window [mem 0xa4600000-0xa46fffff]
Aug 09 15:18:37 Archlinux kernel: pci_bus 0000:00: resource 4 [io  0x0000-0x0cf7 window]
Aug 09 15:18:37 Archlinux kernel: pci_bus 0000:00: resource 5 [io  0x0d00-0xffff window]
Aug 09 15:18:37 Archlinux kernel: pci_bus 0000:00: resource 6 [mem 0x000a0000-0x000bffff window]
Aug 09 15:18:37 Archlinux kernel: pci_bus 0000:00: resource 7 [mem 0x8f800000-0xdfffffff window]
Aug 09 15:18:37 Archlinux kernel: pci_bus 0000:00: resource 8 [mem 0xfc800000-0xfe7fffff window]
Aug 09 15:18:37 Archlinux kernel: pci_bus 0000:01: resource 0 [io  0x4000-0x4fff]
Aug 09 15:18:37 Archlinux kernel: pci_bus 0000:01: resource 1 [mem 0xa3000000-0xa40fffff]
Aug 09 15:18:37 Archlinux kernel: pci_bus 0000:01: resource 2 [mem 0x90000000-0xa1ffffff 64bit pref]
Aug 09 15:18:37 Archlinux kernel: pci_bus 0000:06: resource 1 [mem 0xa4700000-0xa47fffff]
Aug 09 15:18:37 Archlinux kernel: pci_bus 0000:07: resource 1 [mem 0xa4200000-0xa44fffff]
Aug 09 15:18:37 Archlinux kernel: pci_bus 0000:08: resource 0 [io  0x3000-0x3fff]
Aug 09 15:18:37 Archlinux kernel: pci_bus 0000:08: resource 1 [mem 0xa4600000-0xa46fffff]
Aug 09 15:18:37 Archlinux kernel: pci 0000:01:00.1: D0 power state depends on 0000:01:00.0
Aug 09 15:18:37 Archlinux kernel: PCI: CLS 64 bytes, default 64
Aug 09 15:18:37 Archlinux kernel: PCI-DMA: Using software bounce buffering for IO (SWIOTLB)
Aug 09 15:18:37 Archlinux kernel: software IO TLB: mapped [mem 0x00000000841ee000-0x00000000881ee000] (64MB)
Aug 09 15:18:37 Archlinux kernel: Trying to unpack rootfs image as initramfs...
Aug 09 15:18:37 Archlinux kernel: platform rtc_cmos: registered platform RTC device (no PNP device found)
Aug 09 15:18:37 Archlinux kernel: Initialise system trusted keyrings
Aug 09 15:18:37 Archlinux kernel: Key type blacklist registered
Aug 09 15:18:37 Archlinux kernel: workingset: timestamp_bits=41 max_order=22 bucket_order=0
Aug 09 15:18:37 Archlinux kernel: zbud: loaded
Aug 09 15:18:37 Archlinux kernel: integrity: Platform Keyring initialized
Aug 09 15:18:37 Archlinux kernel: integrity: Machine keyring initialized
Aug 09 15:18:37 Archlinux kernel: Key type asymmetric registered
Aug 09 15:18:37 Archlinux kernel: Asymmetric key parser 'x509' registered
Aug 09 15:18:37 Archlinux kernel: Freeing initrd memory: 22512K
Aug 09 15:18:37 Archlinux kernel: alg: self-tests for CTR-KDF (hmac(sha256)) passed
Aug 09 15:18:37 Archlinux kernel: Block layer SCSI generic (bsg) driver version 0.4 loaded (major 242)
Aug 09 15:18:37 Archlinux kernel: io scheduler mq-deadline registered
Aug 09 15:18:37 Archlinux kernel: io scheduler kyber registered
Aug 09 15:18:37 Archlinux kernel: io scheduler bfq registered
Aug 09 15:18:37 Archlinux kernel: pcieport 0000:00:01.0: PME: Signaling with IRQ 122
Aug 09 15:18:37 Archlinux kernel: pcieport 0000:00:1d.0: PME: Signaling with IRQ 123
Aug 09 15:18:37 Archlinux kernel: pcieport 0000:00:1d.0: AER: enabled with IRQ 123
Aug 09 15:18:37 Archlinux kernel: pcieport 0000:00:1d.0: DPC: enabled with IRQ 123
Aug 09 15:18:37 Archlinux kernel: pcieport 0000:00:1d.0: DPC: error containment capabilities: Int Msg #0, RPExt+ PoisonedTLP+ SwTrigger+ RP PIO Log 4, DL_ActiveErr+
Aug 09 15:18:37 Archlinux kernel: pcieport 0000:00:1d.4: PME: Signaling with IRQ 124
Aug 09 15:18:37 Archlinux kernel: pcieport 0000:00:1d.4: AER: enabled with IRQ 124
Aug 09 15:18:37 Archlinux kernel: pcieport 0000:00:1d.4: DPC: enabled with IRQ 124
Aug 09 15:18:37 Archlinux kernel: pcieport 0000:00:1d.4: DPC: error containment capabilities: Int Msg #0, RPExt+ PoisonedTLP+ SwTrigger+ RP PIO Log 4, DL_ActiveErr+
Aug 09 15:18:37 Archlinux kernel: pcieport 0000:00:1d.5: PME: Signaling with IRQ 125
Aug 09 15:18:37 Archlinux kernel: pcieport 0000:00:1d.5: AER: enabled with IRQ 125
Aug 09 15:18:37 Archlinux kernel: pcieport 0000:00:1d.5: DPC: enabled with IRQ 125
Aug 09 15:18:37 Archlinux kernel: pcieport 0000:00:1d.5: DPC: error containment capabilities: Int Msg #0, RPExt+ PoisonedTLP+ SwTrigger+ RP PIO Log 4, DL_ActiveErr+
Aug 09 15:18:37 Archlinux kernel: shpchp: Standard Hot Plug PCI Controller Driver version: 0.4
Aug 09 15:18:37 Archlinux kernel: ACPI: AC: AC Adapter [ADP0] (on-line)
Aug 09 15:18:37 Archlinux kernel: input: Lid Switch as /devices/LNXSYSTM:00/LNXSYBUS:00/PNP0C0D:00/input/input0
Aug 09 15:18:37 Archlinux kernel: ACPI: button: Lid Switch [LID0]
Aug 09 15:18:37 Archlinux kernel: input: Power Button as /devices/LNXSYSTM:00/LNXSYBUS:00/PNP0C0C:00/input/input1
Aug 09 15:18:37 Archlinux kernel: ACPI: button: Power Button [PWRB]
Aug 09 15:18:37 Archlinux kernel: input: Power Button as /devices/LNXSYSTM:00/LNXPWRBN:00/input/input2
Aug 09 15:18:37 Archlinux kernel: ACPI: button: Power Button [PWRF]
Aug 09 15:18:37 Archlinux kernel: Serial: 8250/16550 driver, 32 ports, IRQ sharing enabled
Aug 09 15:18:37 Archlinux kernel: hpet_acpi_add: no address or irqs in _CRS
Aug 09 15:18:37 Archlinux kernel: Non-volatile memory driver v1.3
Aug 09 15:18:37 Archlinux kernel: Linux agpgart interface v0.103
Aug 09 15:18:37 Archlinux kernel: AMD-Vi: AMD IOMMUv2 functionality not available on this system - This is not a bug.
Aug 09 15:18:37 Archlinux kernel: ACPI: bus type drm_connector registered
Aug 09 15:18:37 Archlinux kernel: ahci 0000:00:17.0: version 3.0
Aug 09 15:18:37 Archlinux kernel: ahci 0000:00:17.0: AHCI 0001.0301 32 slots 1 ports 6 Gbps 0x10 impl SATA mode
Aug 09 15:18:37 Archlinux kernel: ahci 0000:00:17.0: flags: 64bit ncq sntf pm clo only pio slum part ems deso sadm sds apst 
Aug 09 15:18:37 Archlinux kernel: scsi host0: ahci
Aug 09 15:18:37 Archlinux kernel: scsi host1: ahci
Aug 09 15:18:37 Archlinux kernel: scsi host2: ahci
Aug 09 15:18:37 Archlinux kernel: scsi host3: ahci
Aug 09 15:18:37 Archlinux kernel: scsi host4: ahci
Aug 09 15:18:37 Archlinux kernel: ata1: DUMMY
Aug 09 15:18:37 Archlinux kernel: ata2: DUMMY
Aug 09 15:18:37 Archlinux kernel: ata3: DUMMY
Aug 09 15:18:37 Archlinux kernel: ata4: DUMMY
Aug 09 15:18:37 Archlinux kernel: ata5: SATA max UDMA/133 abar m2048@0xa4829000 port 0xa4829300 irq 126
Aug 09 15:18:37 Archlinux kernel: usbcore: registered new interface driver usbserial_generic
Aug 09 15:18:37 Archlinux kernel: usbserial: USB Serial support registered for generic
Aug 09 15:18:37 Archlinux kernel: rtc_cmos rtc_cmos: RTC can wake from S4
Aug 09 15:18:37 Archlinux kernel: rtc_cmos rtc_cmos: registered as rtc0
Aug 09 15:18:37 Archlinux kernel: rtc_cmos rtc_cmos: setting system clock to 2023-08-09T07:18:33 UTC (1691565513)
Aug 09 15:18:37 Archlinux kernel: rtc_cmos rtc_cmos: alarms up to one month, y3k, 114 bytes nvram
Aug 09 15:18:37 Archlinux kernel: intel_pstate: Intel P-state driver initializing
Aug 09 15:18:37 Archlinux kernel: intel_pstate: Disabling energy efficiency optimization
Aug 09 15:18:37 Archlinux kernel: intel_pstate: HWP enabled
Aug 09 15:18:37 Archlinux kernel: ledtrig-cpu: registered to indicate activity on CPUs
Aug 09 15:18:37 Archlinux kernel: efifb: probing for efifb
Aug 09 15:18:37 Archlinux kernel: efifb: framebuffer at 0xb0000000, using 32400k, total 32400k
Aug 09 15:18:37 Archlinux kernel: efifb: mode is 3840x2160x32, linelength=15360, pages=1
Aug 09 15:18:37 Archlinux kernel: efifb: scrolling: redraw
Aug 09 15:18:37 Archlinux kernel: efifb: Truecolor: size=8:8:8:8, shift=24:16:8:0
Aug 09 15:18:37 Archlinux kernel: fbcon: Deferring console take-over
Aug 09 15:18:37 Archlinux kernel: fb0: EFI VGA frame buffer device
Aug 09 15:18:37 Archlinux kernel: hid: raw HID events driver (C) Jiri Kosina
Aug 09 15:18:37 Archlinux kernel: intel_pmc_core INT33A1:00:  initialized
Aug 09 15:18:37 Archlinux kernel: drop_monitor: Initializing network drop monitor service
Aug 09 15:18:37 Archlinux kernel: Initializing XFRM netlink socket
Aug 09 15:18:37 Archlinux kernel: NET: Registered PF_INET6 protocol family
Aug 09 15:18:37 Archlinux kernel: Segment Routing with IPv6
Aug 09 15:18:37 Archlinux kernel: RPL Segment Routing with IPv6
Aug 09 15:18:37 Archlinux kernel: In-situ OAM (IOAM) with IPv6
Aug 09 15:18:37 Archlinux kernel: NET: Registered PF_PACKET protocol family
Aug 09 15:18:37 Archlinux kernel: microcode: sig=0x906ea, pf=0x20, revision=0xf2
Aug 09 15:18:37 Archlinux kernel: microcode: Microcode Update Driver: v2.2.
Aug 09 15:18:37 Archlinux kernel: IPI shorthand broadcast: enabled
Aug 09 15:18:37 Archlinux kernel: sched_clock: Marking stable (664969166, 13005031)->(716011397, -38037200)
Aug 09 15:18:37 Archlinux kernel: registered taskstats version 1
Aug 09 15:18:37 Archlinux kernel: Loading compiled-in X.509 certificates
Aug 09 15:18:37 Archlinux kernel: Loaded X.509 cert 'Build time autogenerated kernel key: a062bb60769f02dd9eb96e7022d571e4e6f41726'
Aug 09 15:18:37 Archlinux kernel: zswap: loaded using pool lz4/z3fold
Aug 09 15:18:37 Archlinux kernel: Key type .fscrypt registered
Aug 09 15:18:37 Archlinux kernel: Key type fscrypt-provisioning registered
Aug 09 15:18:37 Archlinux kernel: PM:   Magic number: 3:699:318
Aug 09 15:18:37 Archlinux kernel: tty tty43: hash matches
Aug 09 15:18:37 Archlinux kernel: RAS: Correctable Errors collector initialized.
Aug 09 15:18:37 Archlinux kernel: ACPI: battery: Slot [BAT0] (battery present)
Aug 09 15:18:37 Archlinux kernel: ata5: SATA link up 6.0 Gbps (SStatus 133 SControl 300)
Aug 09 15:18:37 Archlinux kernel: ata5.00: supports DRM functions and may not be fully accessible
Aug 09 15:18:37 Archlinux kernel: ata5.00: ATA-11: Samsung SSD 870 EVO 500GB, SVT02B6Q, max UDMA/133
Aug 09 15:18:37 Archlinux kernel: ata5.00: 976773168 sectors, multi 1: LBA48 NCQ (depth 32), AA
Aug 09 15:18:37 Archlinux kernel: ata5.00: Features: Trust Dev-Sleep NCQ-sndrcv
Aug 09 15:18:37 Archlinux kernel: ata5.00: supports DRM functions and may not be fully accessible
Aug 09 15:18:37 Archlinux kernel: ata5.00: configured for UDMA/133
Aug 09 15:18:37 Archlinux kernel: scsi 4:0:0:0: Direct-Access     ATA      Samsung SSD 870  2B6Q PQ: 0 ANSI: 5
Aug 09 15:18:37 Archlinux kernel: ata5.00: Enabling discard_zeroes_data
Aug 09 15:18:37 Archlinux kernel: sd 4:0:0:0: [sda] 976773168 512-byte logical blocks: (500 GB/466 GiB)
Aug 09 15:18:37 Archlinux kernel: sd 4:0:0:0: [sda] Write Protect is off
Aug 09 15:18:37 Archlinux kernel: sd 4:0:0:0: [sda] Mode Sense: 00 3a 00 00
Aug 09 15:18:37 Archlinux kernel: sd 4:0:0:0: [sda] Write cache: enabled, read cache: enabled, doesn't support DPO or FUA
Aug 09 15:18:37 Archlinux kernel: sd 4:0:0:0: [sda] Preferred minimum I/O size 512 bytes
Aug 09 15:18:37 Archlinux kernel: ata5.00: Enabling discard_zeroes_data
Aug 09 15:18:37 Archlinux kernel:  sda: sda1 sda2
Aug 09 15:18:37 Archlinux kernel: sd 4:0:0:0: [sda] supports TCG Opal
Aug 09 15:18:37 Archlinux kernel: sd 4:0:0:0: [sda] Attached SCSI disk
Aug 09 15:18:37 Archlinux kernel: Freeing unused decrypted memory: 2036K
Aug 09 15:18:37 Archlinux kernel: Freeing unused kernel image (initmem) memory: 2148K
Aug 09 15:18:37 Archlinux kernel: Write protecting the kernel read-only data: 30720k
Aug 09 15:18:37 Archlinux kernel: Freeing unused kernel image (text/rodata gap) memory: 2040K
Aug 09 15:18:37 Archlinux kernel: Freeing unused kernel image (rodata/data gap) memory: 1216K
Aug 09 15:18:37 Archlinux kernel: x86/mm: Checked W+X mappings: passed, no W+X pages found.
Aug 09 15:18:37 Archlinux kernel: rodata_test: all tests were successful
Aug 09 15:18:37 Archlinux kernel: x86/mm: Checking user space page tables
Aug 09 15:18:37 Archlinux kernel: x86/mm: Checked W+X mappings: passed, no W+X pages found.
Aug 09 15:18:37 Archlinux kernel: Run /init as init process
Aug 09 15:18:37 Archlinux kernel:   with arguments:
Aug 09 15:18:37 Archlinux kernel:     /init
Aug 09 15:18:37 Archlinux kernel:   with environment:
Aug 09 15:18:37 Archlinux kernel:     HOME=/
Aug 09 15:18:37 Archlinux kernel:     TERM=linux
Aug 09 15:18:37 Archlinux kernel:     BOOT_IMAGE=/vmlinuz-linux-lts
Aug 09 15:18:37 Archlinux kernel: fbcon: Taking over console
Aug 09 15:18:37 Archlinux kernel: Console: switching to colour frame buffer device 240x67
Aug 09 15:18:37 Archlinux kernel: wmi_bus wmi_bus-PNP0C14:00: WQ data block query control method not found
Aug 09 15:18:37 Archlinux kernel: wmi_bus wmi_bus-PNP0C14:00: WQ data block query control method not found
Aug 09 15:18:37 Archlinux kernel: wmi_bus wmi_bus-PNP0C14:00: WQ data block query control method not found
Aug 09 15:18:37 Archlinux kernel: wmi_bus wmi_bus-PNP0C14:00: WQ data block query control method not found
Aug 09 15:18:37 Archlinux kernel: i8042: PNP: PS/2 Controller [PNP0303:PS2K] at 0x60,0x64 irq 1
Aug 09 15:18:37 Archlinux kernel: i8042: PNP: PS/2 appears to have AUX port disabled, if this is incorrect please boot with i8042.nopnp
Aug 09 15:18:37 Archlinux kernel: serio: i8042 KBD port at 0x60,0x64 irq 1
Aug 09 15:18:37 Archlinux kernel: xhci_hcd 0000:00:14.0: xHCI Host Controller
Aug 09 15:18:37 Archlinux kernel: xhci_hcd 0000:00:14.0: new USB bus registered, assigned bus number 1
Aug 09 15:18:37 Archlinux kernel: xhci_hcd 0000:00:14.0: hcc params 0x200077c1 hci version 0x110 quirks 0x0000000000009810
Aug 09 15:18:37 Archlinux kernel: xhci_hcd 0000:00:14.0: xHCI Host Controller
Aug 09 15:18:37 Archlinux kernel: xhci_hcd 0000:00:14.0: new USB bus registered, assigned bus number 2
Aug 09 15:18:37 Archlinux kernel: xhci_hcd 0000:00:14.0: Host supports USB 3.1 Enhanced SuperSpeed
Aug 09 15:18:37 Archlinux kernel: usb usb1: New USB device found, idVendor=1d6b, idProduct=0002, bcdDevice= 6.01
Aug 09 15:18:37 Archlinux kernel: usb usb1: New USB device strings: Mfr=3, Product=2, SerialNumber=1
Aug 09 15:18:37 Archlinux kernel: usb usb1: Product: xHCI Host Controller
Aug 09 15:18:37 Archlinux kernel: usb usb1: Manufacturer: Linux 6.1.25-1-lts xhci-hcd
Aug 09 15:18:37 Archlinux kernel: usb usb1: SerialNumber: 0000:00:14.0
Aug 09 15:18:37 Archlinux kernel: hub 1-0:1.0: USB hub found
Aug 09 15:18:37 Archlinux kernel: hub 1-0:1.0: 16 ports detected
Aug 09 15:18:37 Archlinux kernel: usb usb2: New USB device found, idVendor=1d6b, idProduct=0003, bcdDevice= 6.01
Aug 09 15:18:37 Archlinux kernel: usb usb2: New USB device strings: Mfr=3, Product=2, SerialNumber=1
Aug 09 15:18:37 Archlinux kernel: usb usb2: Product: xHCI Host Controller
Aug 09 15:18:37 Archlinux kernel: usb usb2: Manufacturer: Linux 6.1.25-1-lts xhci-hcd
Aug 09 15:18:37 Archlinux kernel: usb usb2: SerialNumber: 0000:00:14.0
Aug 09 15:18:37 Archlinux kernel: hub 2-0:1.0: USB hub found
Aug 09 15:18:37 Archlinux kernel: hub 2-0:1.0: 8 ports detected
Aug 09 15:18:37 Archlinux kernel: nvme nvme0: pci function 0000:06:00.0
Aug 09 15:18:37 Archlinux kernel: nvme nvme0: missing or invalid SUBNQN field.
Aug 09 15:18:37 Archlinux kernel: nvme nvme0: Shutdown timeout set to 8 seconds
Aug 09 15:18:37 Archlinux kernel: nvme nvme0: 8/0/0 default/read/poll queues
Aug 09 15:18:37 Archlinux kernel:  nvme0n1: p1 p2 p3 p4 p5 p6 p7 p8 p9
Aug 09 15:18:37 Archlinux kernel: input: AT Translated Set 2 keyboard as /devices/platform/i8042/serio0/input/input3
Aug 09 15:18:37 Archlinux kernel: tsc: Refined TSC clocksource calibration: 2399.998 MHz
Aug 09 15:18:37 Archlinux kernel: clocksource: tsc: mask: 0xffffffffffffffff max_cycles: 0x229835b7123, max_idle_ns: 440795242976 ns
Aug 09 15:18:37 Archlinux kernel: clocksource: Switched to clocksource tsc
Aug 09 15:18:37 Archlinux kernel: Console: switching to colour dummy device 80x25
Aug 09 15:18:37 Archlinux kernel: i915 0000:00:02.0: vgaarb: deactivate vga console
Aug 09 15:18:37 Archlinux kernel: i915 0000:00:02.0: vgaarb: changed VGA decodes: olddecodes=io+mem,decodes=none:owns=io+mem
Aug 09 15:18:37 Archlinux kernel: i915 0000:00:02.0: [drm] Finished loading DMC firmware i915/kbl_dmc_ver1_04.bin (v1.4)
Aug 09 15:18:37 Archlinux kernel: [drm] Initialized i915 1.6.0 20201103 for 0000:00:02.0 on minor 0
Aug 09 15:18:37 Archlinux kernel: ACPI: video: [Firmware Bug]: ACPI(PEGP) defines _DOD but not _DOS
Aug 09 15:18:37 Archlinux kernel: ACPI: video: Video Device [PEGP] (multi-head: yes  rom: yes  post: no)
Aug 09 15:18:37 Archlinux kernel: input: Video Bus as /devices/LNXSYSTM:00/LNXSYBUS:00/PNP0A08:00/device:00/LNXVIDEO:00/input/input4
Aug 09 15:18:37 Archlinux kernel: ACPI: video: Video Device [GFX0] (multi-head: yes  rom: no  post: no)
Aug 09 15:18:37 Archlinux kernel: input: Video Bus as /devices/LNXSYSTM:00/LNXSYBUS:00/PNP0A08:00/LNXVIDEO:01/input/input5
Aug 09 15:18:37 Archlinux kernel: fbcon: i915drmfb (fb0) is primary device
Aug 09 15:18:37 Archlinux kernel: usb 1-1: new high-speed USB device number 2 using xhci_hcd
Aug 09 15:18:37 Archlinux kernel: usb 1-1: New USB device found, idVendor=05e3, idProduct=0610, bcdDevice= 6.56
Aug 09 15:18:37 Archlinux kernel: usb 1-1: New USB device strings: Mfr=1, Product=2, SerialNumber=0
Aug 09 15:18:37 Archlinux kernel: usb 1-1: Product: USB2.1 Hub
Aug 09 15:18:37 Archlinux kernel: usb 1-1: Manufacturer: GenesysLogic
Aug 09 15:18:37 Archlinux kernel: hub 1-1:1.0: USB hub found
Aug 09 15:18:37 Archlinux kernel: hub 1-1:1.0: 4 ports detected
Aug 09 15:18:37 Archlinux kernel: usb 2-1: new SuperSpeed USB device number 2 using xhci_hcd
Aug 09 15:18:37 Archlinux kernel: usb 2-1: New USB device found, idVendor=05e3, idProduct=0626, bcdDevice= 6.56
Aug 09 15:18:37 Archlinux kernel: usb 2-1: New USB device strings: Mfr=1, Product=2, SerialNumber=0
Aug 09 15:18:37 Archlinux kernel: usb 2-1: Product: USB3.1 Hub
Aug 09 15:18:37 Archlinux kernel: usb 2-1: Manufacturer: GenesysLogic
Aug 09 15:18:37 Archlinux kernel: hub 2-1:1.0: USB hub found
Aug 09 15:18:37 Archlinux kernel: hub 2-1:1.0: 4 ports detected
Aug 09 15:18:37 Archlinux kernel: usb 1-6: new high-speed USB device number 3 using xhci_hcd
Aug 09 15:18:37 Archlinux kernel: usb 1-6: New USB device found, idVendor=04f2, idProduct=b604, bcdDevice= 0.27
Aug 09 15:18:37 Archlinux kernel: usb 1-6: New USB device strings: Mfr=3, Product=1, SerialNumber=2
Aug 09 15:18:37 Archlinux kernel: usb 1-6: Product: Integrated Camera
Aug 09 15:18:37 Archlinux kernel: usb 1-6: Manufacturer: Chicony Electronics Co.,Ltd.
Aug 09 15:18:37 Archlinux kernel: usb 1-6: SerialNumber: 0001
Aug 09 15:18:37 Archlinux kernel: usb 1-1.3: new full-speed USB device number 4 using xhci_hcd
Aug 09 15:18:37 Archlinux kernel: usb 1-1.3: New USB device found, idVendor=25a7, idProduct=fa70, bcdDevice= 2.01
Aug 09 15:18:37 Archlinux kernel: usb 1-1.3: New USB device strings: Mfr=1, Product=2, SerialNumber=0
Aug 09 15:18:37 Archlinux kernel: usb 1-1.3: Product: 2.4G Wireless Receiver
Aug 09 15:18:37 Archlinux kernel: usb 1-1.3: Manufacturer: Compx
Aug 09 15:18:37 Archlinux kernel: input: Compx 2.4G Wireless Receiver as /devices/pci0000:00/0000:00:14.0/usb1/1-1/1-1.3/1-1.3:1.0/0003:25A7:FA70.0001/input/input6
Aug 09 15:18:37 Archlinux kernel: hid-generic 0003:25A7:FA70.0001: input,hidraw0: USB HID v1.10 Keyboard [Compx 2.4G Wireless Receiver] on usb-0000:00:14.0-1.3/input0
Aug 09 15:18:37 Archlinux kernel: input: Compx 2.4G Wireless Receiver Mouse as /devices/pci0000:00/0000:00:14.0/usb1/1-1/1-1.3/1-1.3:1.1/0003:25A7:FA70.0002/input/input7
Aug 09 15:18:37 Archlinux kernel: input: Compx 2.4G Wireless Receiver as /devices/pci0000:00/0000:00:14.0/usb1/1-1/1-1.3/1-1.3:1.1/0003:25A7:FA70.0002/input/input8
Aug 09 15:18:37 Archlinux kernel: input: Compx 2.4G Wireless Receiver Keyboard as /devices/pci0000:00/0000:00:14.0/usb1/1-1/1-1.3/1-1.3:1.1/0003:25A7:FA70.0002/input/input9
Aug 09 15:18:37 Archlinux kernel: usb 1-9: new full-speed USB device number 5 using xhci_hcd
Aug 09 15:18:37 Archlinux kernel: hid-generic 0003:25A7:FA70.0002: input,hiddev96,hidraw1: USB HID v1.10 Mouse [Compx 2.4G Wireless Receiver] on usb-0000:00:14.0-1.3/input1
Aug 09 15:18:37 Archlinux kernel: usbcore: registered new interface driver usbhid
Aug 09 15:18:37 Archlinux kernel: usbhid: USB HID core driver
Aug 09 15:18:37 Archlinux kernel: usb 1-9: New USB device found, idVendor=048d, idProduct=c100, bcdDevice= 0.43
Aug 09 15:18:37 Archlinux kernel: usb 1-9: New USB device strings: Mfr=1, Product=2, SerialNumber=0
Aug 09 15:18:37 Archlinux kernel: usb 1-9: Product: ITE Device(8910)
Aug 09 15:18:37 Archlinux kernel: usb 1-9: Manufacturer: ITE Tech. Inc.
Aug 09 15:18:37 Archlinux kernel: input: ITE Tech. Inc. ITE Device(8910) Keyboard as /devices/pci0000:00/0000:00:14.0/usb1/1-9/1-9:1.0/0003:048D:C100.0003/input/input10
Aug 09 15:18:37 Archlinux kernel: input: ITE Tech. Inc. ITE Device(8910) Wireless Radio Control as /devices/pci0000:00/0000:00:14.0/usb1/1-9/1-9:1.0/0003:048D:C100.0003/input/input11
Aug 09 15:18:37 Archlinux kernel: hid-generic 0003:048D:C100.0003: input,hiddev97,hidraw2: USB HID v1.10 Keyboard [ITE Tech. Inc. ITE Device(8910)] on usb-0000:00:14.0-9/input0
Aug 09 15:18:37 Archlinux kernel: usb 1-1.4: new full-speed USB device number 6 using xhci_hcd
Aug 09 15:18:37 Archlinux kernel: usb 1-1.4: New USB device found, idVendor=260d, idProduct=1062, bcdDevice=13.00
Aug 09 15:18:37 Archlinux kernel: usb 1-1.4: New USB device strings: Mfr=1, Product=2, SerialNumber=0
Aug 09 15:18:37 Archlinux kernel: usb 1-1.4: Product: 2.4G Wireless Receiver
Aug 09 15:18:37 Archlinux kernel: usb 1-1.4: Manufacturer: Compx
Aug 09 15:18:37 Archlinux kernel: input: Compx 2.4G Wireless Receiver as /devices/pci0000:00/0000:00:14.0/usb1/1-1/1-1.4/1-1.4:1.0/0003:260D:1062.0004/input/input12
Aug 09 15:18:37 Archlinux kernel: hid-generic 0003:260D:1062.0004: input,hidraw3: USB HID v1.10 Mouse [Compx 2.4G Wireless Receiver] on usb-0000:00:14.0-1.4/input0
Aug 09 15:18:37 Archlinux kernel: input: Compx 2.4G Wireless Receiver Keyboard as /devices/pci0000:00/0000:00:14.0/usb1/1-1/1-1.4/1-1.4:1.1/0003:260D:1062.0005/input/input13
Aug 09 15:18:37 Archlinux kernel: Console: switching to colour frame buffer device 240x67
Aug 09 15:18:37 Archlinux kernel: i915 0000:00:02.0: [drm] fb0: i915drmfb frame buffer device
Aug 09 15:18:37 Archlinux kernel: input: Compx 2.4G Wireless Receiver as /devices/pci0000:00/0000:00:14.0/usb1/1-1/1-1.4/1-1.4:1.1/0003:260D:1062.0005/input/input14
Aug 09 15:18:37 Archlinux kernel: input: Compx 2.4G Wireless Receiver as /devices/pci0000:00/0000:00:14.0/usb1/1-1/1-1.4/1-1.4:1.1/0003:260D:1062.0005/input/input15
Aug 09 15:18:37 Archlinux kernel: hid-generic 0003:260D:1062.0005: input,hiddev98,hidraw4: USB HID v1.10 Keyboard [Compx 2.4G Wireless Receiver] on usb-0000:00:14.0-1.4/input1
Aug 09 15:18:37 Archlinux kernel: usb 1-14: new full-speed USB device number 7 using xhci_hcd
Aug 09 15:18:37 Archlinux kernel: usb 1-14: New USB device found, idVendor=0a5c, idProduct=4500, bcdDevice= 1.00
Aug 09 15:18:37 Archlinux kernel: usb 1-14: New USB device strings: Mfr=1, Product=2, SerialNumber=0
Aug 09 15:18:37 Archlinux kernel: usb 1-14: Product: BRCM20702 Hub
Aug 09 15:18:37 Archlinux kernel: usb 1-14: Manufacturer: Apple Inc.
Aug 09 15:18:37 Archlinux kernel: hub 1-14:1.0: USB hub found
Aug 09 15:18:37 Archlinux kernel: hub 1-14:1.0: 3 ports detected
Aug 09 15:18:37 Archlinux kernel: usb 1-14.1: new full-speed USB device number 8 using xhci_hcd
Aug 09 15:18:37 Archlinux kernel: usb 1-14.1: New USB device found, idVendor=05ac, idProduct=820a, bcdDevice= 1.00
Aug 09 15:18:37 Archlinux kernel: usb 1-14.1: New USB device strings: Mfr=0, Product=0, SerialNumber=0
Aug 09 15:18:37 Archlinux kernel: input: HID 05ac:820a as /devices/pci0000:00/0000:00:14.0/usb1/1-14/1-14.1/1-14.1:1.0/0003:05AC:820A.0006/input/input16
Aug 09 15:18:37 Archlinux kernel: hid-generic 0003:05AC:820A.0006: input,hidraw5: USB HID v1.11 Keyboard [HID 05ac:820a] on usb-0000:00:14.0-14.1/input0
Aug 09 15:18:37 Archlinux kernel: usb 1-14.2: new full-speed USB device number 9 using xhci_hcd
Aug 09 15:18:37 Archlinux kernel: usb 1-14.2: New USB device found, idVendor=05ac, idProduct=820b, bcdDevice= 1.00
Aug 09 15:18:37 Archlinux kernel: usb 1-14.2: New USB device strings: Mfr=0, Product=0, SerialNumber=0
Aug 09 15:18:37 Archlinux kernel: input: HID 05ac:820b as /devices/pci0000:00/0000:00:14.0/usb1/1-14/1-14.2/1-14.2:1.0/0003:05AC:820B.0007/input/input17
Aug 09 15:18:37 Archlinux kernel: hid-generic 0003:05AC:820B.0007: input,hidraw6: USB HID v1.11 Mouse [HID 05ac:820b] on usb-0000:00:14.0-14.2/input0
Aug 09 15:18:37 Archlinux kernel: usb 1-14.3: new full-speed USB device number 10 using xhci_hcd
Aug 09 15:18:37 Archlinux kernel: usb 1-14.3: New USB device found, idVendor=05ac, idProduct=828f, bcdDevice= 1.50
Aug 09 15:18:37 Archlinux kernel: usb 1-14.3: New USB device strings: Mfr=1, Product=2, SerialNumber=0
Aug 09 15:18:37 Archlinux kernel: usb 1-14.3: Product: Bluetooth USB Host Controller
Aug 09 15:18:37 Archlinux kernel: usb 1-14.3: Manufacturer: Apple Inc.
Aug 09 15:18:37 Archlinux kernel: EXT4-fs (nvme0n1p9): mounted filesystem with ordered data mode. Quota mode: none.
Aug 09 15:18:37 Archlinux systemd[1]: systemd 254-1-arch running in system mode (+PAM +AUDIT -SELINUX -APPARMOR -IMA +SMACK +SECCOMP +GCRYPT +GNUTLS +OPENSSL +ACL +BLKID +CURL +ELFUTILS +FIDO2 +IDN2 -IDN +IPTC +KMOD +LIBCRYPTSETUP +LIBFDISK +PCRE2 -PWQUALITY +P11KIT -QRENCODE +TPM2 +BZIP2 +LZ4 +XZ +ZLIB +ZSTD +BPF_FRAMEWORK +XKBCOMMON +UTMP -SYSVINIT default-hierarchy=unified)
Aug 09 15:18:37 Archlinux systemd[1]: Detected architecture x86-64.
Aug 09 15:18:37 Archlinux systemd[1]: Hostname set to <Archlinux>.
Aug 09 15:18:37 Archlinux systemd[1]: bpf-lsm: LSM BPF program attached
Aug 09 15:18:37 Archlinux systemd[1]: /usr/lib/systemd/system/virtlogd.service:21: Unknown key name 'LimitNOFile' in section 'Service', ignoring.
Aug 09 15:18:37 Archlinux systemd[1]: /usr/lib/systemd/system/libvirtd.service:34: Unknown key name 'LimitNOFile' in section 'Service', ignoring.
Aug 09 15:18:37 Archlinux systemd[1]: /usr/lib/systemd/system/virtlockd.service:21: Unknown key name 'LimitNOFile' in section 'Service', ignoring.
Aug 09 15:18:37 Archlinux systemd[1]: Queued start job for default target Graphical Interface.
Aug 09 15:18:37 Archlinux systemd[1]: Created slice Virtual Machine and Container Slice.
Aug 09 15:18:37 Archlinux systemd[1]: Created slice Slice /system/getty.
Aug 09 15:18:37 Archlinux systemd[1]: Created slice Slice /system/modprobe.
Aug 09 15:18:37 Archlinux systemd[1]: Created slice Slice /system/systemd-fsck.
Aug 09 15:18:37 Archlinux systemd[1]: Created slice User and Session Slice.
Aug 09 15:18:37 Archlinux systemd[1]: Started Dispatch Password Requests to Console Directory Watch.
Aug 09 15:18:37 Archlinux systemd[1]: Started Forward Password Requests to Wall Directory Watch.
Aug 09 15:18:37 Archlinux systemd[1]: Set up automount Arbitrary Executable File Formats File System Automount Point.
Aug 09 15:18:37 Archlinux systemd[1]: Reached target Local Encrypted Volumes.
